<html>
<body>
<pre>
<h1>µVision Build Log</h1>
<h2>Tool Versions:</h2>
IDE-Version: µVision V5.29.0.0
Copyright (C) 2019 ARM Ltd and ARM Germany GmbH. All rights reserved.
License Information: Ahmed Sharaf, AUC Egypt, LIC=----
 
Tool Versions:
Toolchain:       MDK-Lite  Version: 5.29.0.0
Toolchain Path:  C:\Keil_v5\ARM\ARMCC\Bin
C Compiler:      Armcc.exe V5.06 update 6 (build 750)
Assembler:       Armasm.exe V5.06 update 6 (build 750)
Linker/Locator:  ArmLink.exe V5.06 update 6 (build 750)
Library Manager: ArmAr.exe V5.06 update 6 (build 750)
Hex Converter:   FromElf.exe V5.06 update 6 (build 750)
CPU DLL:         SARMCM3.DLL V5.29.0.0
Dialog DLL:      DCM.DLL V1.17.3.0
Target DLL:      STLink\ST-LINKIII-KEIL_SWO.dll V3.0.7.0
Dialog DLL:      TCM.DLL V1.36.5.0
 
<h2>Project:</h2>
C:\Users\AhmedSharaf\Desktop\Embedded project\Simple-IoT-Application\STM FINAL\MDK-ARM\STM FINAL.uvprojx
Project File Date:  05/27/2020

<h2>Output:</h2>
*** Using Compiler 'V5.06 update 6 (build 750)', folder: 'C:\Keil_v5\ARM\ARMCC\Bin'
Build target 'STM FINAL'
compiling main.c...
../Src/main.c(82): warning:  #223-D: function "strcmp" declared implicitly
  		if(strcmp(buffer, TOGGLE_LED) == 0){
../Src/main.c(87): warning:  #167-D: argument of type "char *" is incompatible with parameter of type "uint8_t *"
  		HAL_UART_Transmit(&huart2, buffer, 16,500);
../Src/main.c(89): warning:  #223-D: function "memset" declared implicitly
  		memset(buffer, 0, 16);
../Src/main.c: 3 warnings, 0 errors
linking...
Program Size: Code=7312 RO-data=516 RW-data=24 ZI-data=1296  
FromELF: creating hex file...
"STM FINAL\STM FINAL.axf" - 0 Error(s), 3 Warning(s).

<h2>Software Packages used:</h2>

Package Vendor: ARM
                http://www.keil.com/pack/ARM.CMSIS.5.6.0.pack
                ARM.CMSIS.5.6.0
                CMSIS (Cortex Microcontroller Software Interface Standard)
   * Component: CORE Version: 5.3.0

Package Vendor: Keil
                https://www.keil.com/pack/Keil.STM32L4xx_DFP.2.3.0.pack
                Keil.STM32L4xx_DFP.2.3.0
                STMicroelectronics STM32L4 Series Device Support, Drivers and Examples

<h2>Collection of Component include folders:</h2>
  .\RTE\_STM_FINAL
  C:\Users\AhmedSharaf\AppData\Local\Arm\Packs\ARM\CMSIS\5.6.0\CMSIS\Core\Include
  C:\Users\AhmedSharaf\AppData\Local\Arm\Packs\Keil\STM32L4xx_DFP\2.3.0\Drivers\CMSIS\Device\ST\STM32L4xx\Include

<h2>Collection of Component Files used:</h2>

   * Component: ARM::CMSIS:CORE:5.3.0
Build Time Elapsed:  00:00:10
</pre>
</body>
</html>
