Component: ARM Compiler 5.06 update 6 (build 750) Tool: armlink [4d35ed]

==============================================================================

Section Cross References

    startup_stm32l432xx.o(RESET) refers to startup_stm32l432xx.o(STACK) for __initial_sp
    startup_stm32l432xx.o(RESET) refers to startup_stm32l432xx.o(.text) for Reset_Handler
    startup_stm32l432xx.o(RESET) refers to stm32l4xx_it.o(i.NMI_Handler) for NMI_Handler
    startup_stm32l432xx.o(RESET) refers to stm32l4xx_it.o(i.HardFault_Handler) for HardFault_Handler
    startup_stm32l432xx.o(RESET) refers to stm32l4xx_it.o(i.MemManage_Handler) for MemManage_Handler
    startup_stm32l432xx.o(RESET) refers to stm32l4xx_it.o(i.BusFault_Handler) for BusFault_Handler
    startup_stm32l432xx.o(RESET) refers to stm32l4xx_it.o(i.UsageFault_Handler) for UsageFault_Handler
    startup_stm32l432xx.o(RESET) refers to port.o(.emb_text) for SVC_Handler
    startup_stm32l432xx.o(RESET) refers to stm32l4xx_it.o(i.DebugMon_Handler) for DebugMon_Handler
    startup_stm32l432xx.o(RESET) refers to port.o(i.SysTick_Handler) for SysTick_Handler
    startup_stm32l432xx.o(RESET) refers to stm32l4xx_it.o(i.TIM1_UP_TIM16_IRQHandler) for TIM1_UP_TIM16_IRQHandler
    startup_stm32l432xx.o(RESET) refers to main.o(i.USART1_IRQHandler) for USART1_IRQHandler
    startup_stm32l432xx.o(.text) refers to system_stm32l4xx.o(i.SystemInit) for SystemInit
    startup_stm32l432xx.o(.text) refers to entry.o(.ARM.Collect$$$$00000000) for __main
    main.o(i.HAL_TIM_PeriodElapsedCallback) refers to stm32l4xx_hal.o(i.HAL_IncTick) for HAL_IncTick
    main.o(i.MX_USART1_UART_Init) refers to stm32l4xx_hal_uart.o(i.HAL_UART_Init) for HAL_UART_Init
    main.o(i.MX_USART1_UART_Init) refers to main.o(.bss) for .bss
    main.o(i.StartTask01) refers to stm32l4xx_hal_gpio.o(i.HAL_GPIO_TogglePin) for HAL_GPIO_TogglePin
    main.o(i.StartTask01) refers to cmsis_os2.o(i.osDelay) for osDelay
    main.o(i.StartTask02) refers to queue.o(i.xQueueReceive) for xQueueReceive
    main.o(i.StartTask02) refers to stm32l4xx_hal_uart.o(i.HAL_UART_Transmit) for HAL_UART_Transmit
    main.o(i.StartTask02) refers to main.o(.data) for .data
    main.o(i.StartTask02) refers to main.o(.bss) for .bss
    main.o(i.SystemClock_Config) refers to memseta.o(.text) for __aeabi_memclr4
    main.o(i.SystemClock_Config) refers to stm32l4xx_hal_rcc.o(i.HAL_RCC_OscConfig) for HAL_RCC_OscConfig
    main.o(i.SystemClock_Config) refers to stm32l4xx_hal_rcc.o(i.HAL_RCC_ClockConfig) for HAL_RCC_ClockConfig
    main.o(i.SystemClock_Config) refers to stm32l4xx_hal_rcc_ex.o(i.HAL_RCCEx_PeriphCLKConfig) for HAL_RCCEx_PeriphCLKConfig
    main.o(i.SystemClock_Config) refers to stm32l4xx_hal_pwr_ex.o(i.HAL_PWREx_ControlVoltageScaling) for HAL_PWREx_ControlVoltageScaling
    main.o(i.USART1_IRQHandler) refers to stm32l4xx_hal_uart.o(i.HAL_UART_Receive) for HAL_UART_Receive
    main.o(i.USART1_IRQHandler) refers to queue.o(i.xQueueGiveFromISR) for xQueueGiveFromISR
    main.o(i.USART1_IRQHandler) refers to stm32l4xx_hal_uart.o(i.HAL_UART_IRQHandler) for HAL_UART_IRQHandler
    main.o(i.USART1_IRQHandler) refers to main.o(.data) for .data
    main.o(i.USART1_IRQHandler) refers to main.o(.bss) for .bss
    main.o(i.main) refers to stm32l4xx_hal.o(i.HAL_Init) for HAL_Init
    main.o(i.main) refers to main.o(i.SystemClock_Config) for SystemClock_Config
    main.o(i.main) refers to memseta.o(.text) for __aeabi_memclr4
    main.o(i.main) refers to stm32l4xx_hal_gpio.o(i.HAL_GPIO_WritePin) for HAL_GPIO_WritePin
    main.o(i.main) refers to stm32l4xx_hal_gpio.o(i.HAL_GPIO_Init) for HAL_GPIO_Init
    main.o(i.main) refers to main.o(i.MX_USART1_UART_Init) for MX_USART1_UART_Init
    main.o(i.main) refers to cmsis_os2.o(i.osKernelInitialize) for osKernelInitialize
    main.o(i.main) refers to queue.o(i.xQueueGenericCreate) for xQueueGenericCreate
    main.o(i.main) refers to queue.o(i.xQueueGenericSend) for xQueueGenericSend
    main.o(i.main) refers to queue.o(i.xQueueSemaphoreTake) for xQueueSemaphoreTake
    main.o(i.main) refers to cmsis_os2.o(i.osMessageQueueNew) for osMessageQueueNew
    main.o(i.main) refers to cmsis_os2.o(i.osThreadNew) for osThreadNew
    main.o(i.main) refers to cmsis_os2.o(i.osKernelStart) for osKernelStart
    main.o(i.main) refers to main.o(.data) for .data
    main.o(i.main) refers to main.o(.constdata) for .constdata
    main.o(i.main) refers to main.o(i.StartTask01) for StartTask01
    main.o(i.main) refers to main.o(i.StartTask02) for StartTask02
    main.o(i.main) refers to main.o(i.StartTask03) for StartTask03
    main.o(i.main) refers to main.o(.bss) for .bss
    main.o(.constdata) refers to main.o(.conststring) for .conststring
    main.o(.constdata) refers to main.o(.conststring) for .conststring
    stm32l4xx_it.o(i.TIM1_UP_TIM16_IRQHandler) refers to stm32l4xx_hal_tim.o(i.HAL_TIM_IRQHandler) for HAL_TIM_IRQHandler
[...]
    Removing tasks.o(i.vTaskGetInfo), (116 bytes).
    Removing tasks.o(i.vTaskNotifyGiveFromISR), (176 bytes).
    Removing tasks.o(i.vTaskPlaceOnUnorderedEventList), (80 bytes).
    Removing tasks.o(i.vTaskPrioritySet), (180 bytes).
    Removing tasks.o(i.vTaskRemoveFromUnorderedEventList), (112 bytes).
    Removing tasks.o(i.vTaskResume), (124 bytes).
    Removing tasks.o(i.vTaskSetTaskNumber), (8 bytes).
    Removing tasks.o(i.vTaskSetTimeOutState), (48 bytes).
    Removing tasks.o(i.vTaskSuspend), (156 bytes).
    Removing tasks.o(i.xTaskGenericNotify), (224 bytes).
    Removing tasks.o(i.xTaskGenericNotifyFromISR), (260 bytes).
    Removing tasks.o(i.xTaskGetCurrentTaskHandle), (12 bytes).
    Removing tasks.o(i.xTaskGetTickCountFromISR), (16 bytes).
    Removing tasks.o(i.xTaskNotifyStateClear), (52 bytes).
    Removing tasks.o(i.xTaskNotifyWait), (140 bytes).
    Removing tasks.o(i.xTaskResumeFromISR), (136 bytes).
    Removing timers.o(i.pcTimerGetName), (22 bytes).
    Removing timers.o(i.prvInitialiseNewTimer), (78 bytes).
    Removing timers.o(i.pvTimerGetTimerID), (36 bytes).
    Removing timers.o(i.uxTimerGetTimerNumber), (4 bytes).
    Removing timers.o(i.vTimerSetReloadMode), (54 bytes).
    Removing timers.o(i.vTimerSetTimerID), (38 bytes).
    Removing timers.o(i.vTimerSetTimerNumber), (4 bytes).
    Removing timers.o(i.xTimerCreate), (58 bytes).
    Removing timers.o(i.xTimerCreateStatic), (46 bytes).
    Removing timers.o(i.xTimerGetExpiryTime), (22 bytes).
    Removing timers.o(i.xTimerGetPeriod), (22 bytes).
    Removing timers.o(i.xTimerGetTimerDaemonTaskHandle), (32 bytes).
    Removing timers.o(i.xTimerIsTimerActive), (48 bytes).
    Removing timers.o(i.xTimerPendFunctionCall), (60 bytes).
    Removing timers.o(i.xTimerPendFunctionCallFromISR), (40 bytes).
    Removing cmsis_os2.o(.rev16_text), (4 bytes).
    Removing cmsis_os2.o(.revsh_text), (4 bytes).
    Removing cmsis_os2.o(.rrx_text), (6 bytes).
    Removing cmsis_os2.o(i.TimerCallback), (24 bytes).
    Removing cmsis_os2.o(i.osDelayUntil), (72 bytes).
    Removing cmsis_os2.o(i.osEventFlagsClear), (88 bytes).
    Removing cmsis_os2.o(i.osEventFlagsDelete), (56 bytes).
    Removing cmsis_os2.o(i.osEventFlagsGet), (48 bytes).
    Removing cmsis_os2.o(i.osEventFlagsNew), (68 bytes).
    Removing cmsis_os2.o(i.osEventFlagsSet), (108 bytes).
    Removing cmsis_os2.o(i.osEventFlagsWait), (124 bytes).
    Removing cmsis_os2.o(i.osKernelGetInfo), (60 bytes).
    Removing cmsis_os2.o(i.osKernelGetState), (32 bytes).
    Removing cmsis_os2.o(i.osKernelGetSysTimerCount), (52 bytes).
    Removing cmsis_os2.o(i.osKernelGetSysTimerFreq), (12 bytes).
    Removing cmsis_os2.o(i.osKernelGetTickCount), (40 bytes).
    Removing cmsis_os2.o(i.osKernelGetTickFreq), (6 bytes).
    Removing cmsis_os2.o(i.osKernelLock), (68 bytes).
    Removing cmsis_os2.o(i.osKernelRestoreLock), (92 bytes).
    Removing cmsis_os2.o(i.osKernelUnlock), (84 bytes).
    Removing cmsis_os2.o(i.osMessageQueueDelete), (68 bytes).
    Removing cmsis_os2.o(i.osMessageQueueGet), (128 bytes).
    Removing cmsis_os2.o(i.osMessageQueueGetCapacity), (8 bytes).
    Removing cmsis_os2.o(i.osMessageQueueGetCount), (44 bytes).
    Removing cmsis_os2.o(i.osMessageQueueGetMsgSize), (8 bytes).
    Removing cmsis_os2.o(i.osMessageQueueGetSpace), (68 bytes).
    Removing cmsis_os2.o(i.osMessageQueuePut), (132 bytes).
    Removing cmsis_os2.o(i.osMessageQueueReset), (60 bytes).
    Removing cmsis_os2.o(i.osMutexAcquire), (108 bytes).
    Removing cmsis_os2.o(i.osMutexDelete), (68 bytes).
    Removing cmsis_os2.o(i.osMutexGetOwner), (44 bytes).
    Removing cmsis_os2.o(i.osMutexNew), (128 bytes).
    Removing cmsis_os2.o(i.osMutexRelease), (92 bytes).
    Removing cmsis_os2.o(i.osSemaphoreAcquire), (120 bytes).
    Removing cmsis_os2.o(i.osSemaphoreDelete), (68 bytes).
    Removing cmsis_os2.o(i.osSemaphoreGetCount), (44 bytes).
    Removing cmsis_os2.o(i.osSemaphoreNew), (176 bytes).
    Removing cmsis_os2.o(i.osSemaphoreRelease), (112 bytes).
    Removing cmsis_os2.o(i.osThreadEnumerate), (124 bytes).
    Removing cmsis_os2.o(i.osThreadExit), (8 bytes).
    Removing cmsis_os2.o(i.osThreadFlagsClear), (104 bytes).
    Removing cmsis_os2.o(i.osThreadFlagsGet), (68 bytes).
    Removing cmsis_os2.o(i.osThreadFlagsSet), (140 bytes).
    Removing cmsis_os2.o(i.osThreadFlagsWait), (182 bytes).
    Removing cmsis_os2.o(i.osThreadGetCount), (40 bytes).
    Removing cmsis_os2.o(i.osThreadGetId), (4 bytes).
    Removing cmsis_os2.o(i.osThreadGetName), (40 bytes).
    Removing cmsis_os2.o(i.osThreadGetPriority), (44 bytes).
    Removing cmsis_os2.o(i.osThreadGetStackSpace), (40 bytes).
    Removing cmsis_os2.o(i.osThreadGetState), (80 bytes).
    Removing cmsis_os2.o(i.osThreadResume), (56 bytes).
    Removing cmsis_os2.o(i.osThreadSetPriority), (64 bytes).
    Removing cmsis_os2.o(i.osThreadSuspend), (56 bytes).
    Removing cmsis_os2.o(i.osThreadTerminate), (76 bytes).
    Removing cmsis_os2.o(i.osThreadYield), (60 bytes).
    Removing cmsis_os2.o(i.osTimerDelete), (92 bytes).
    Removing cmsis_os2.o(i.osTimerGetName), (40 bytes).
    Removing cmsis_os2.o(i.osTimerIsRunning), (40 bytes).
    Removing cmsis_os2.o(i.osTimerNew), (132 bytes).
    Removing cmsis_os2.o(i.osTimerStart), (76 bytes).
    Removing cmsis_os2.o(i.osTimerStop), (92 bytes).
    Removing heap_4.o(i.vPortInitialiseBlocks), (2 bytes).
    Removing heap_4.o(i.xPortGetFreeHeapSize), (12 bytes).
    Removing heap_4.o(i.xPortGetMinimumEverFreeHeapSize), (12 bytes).
    Removing port.o(i.vPortEndScheduler), (32 bytes).

718 unused section(s) (total 50324 bytes) removed from the image.

==============================================================================

Image Symbol Table

    Local Symbols

    Symbol Name                              Value     Ov Type        Size  Object(Section)

    ../Drivers/STM32L4xx_HAL_Driver/Src/stm32l4xx_hal.c 0x00000000   Number         0  stm32l4xx_hal.o ABSOLUTE
    ../Drivers/STM32L4xx_HAL_Driver/Src/stm32l4xx_hal_cortex.c 0x00000000   Number         0  stm32l4xx_hal_cortex.o ABSOLUTE
    ../Drivers/STM32L4xx_HAL_Driver/Src/stm32l4xx_hal_dma.c 0x00000000   Number         0  stm32l4xx_hal_dma.o ABSOLUTE
    ../Drivers/STM32L4xx_HAL_Driver/Src/stm32l4xx_hal_dma_ex.c 0x00000000   Number         0  stm32l4xx_hal_dma_ex.o ABSOLUTE
    ../Drivers/STM32L4xx_HAL_Driver/Src/stm32l4xx_hal_exti.c 0x00000000   Number         0  stm32l4xx_hal_exti.o ABSOLUTE
    ../Drivers/STM32L4xx_HAL_Driver/Src/stm32l4xx_hal_flash.c 0x00000000   Number         0  stm32l4xx_hal_flash.o ABSOLUTE
    ../Drivers/STM32L4xx_HAL_Driver/Src/stm32l4xx_hal_flash_ex.c 0x00000000   Number         0  stm32l4xx_hal_flash_ex.o ABSOLUTE
    ../Drivers/STM32L4xx_HAL_Driver/Src/stm32l4xx_hal_flash_ramfunc.c 0x00000000   Number         0  stm32l4xx_hal_flash_ramfunc.o ABSOLUTE
    ../Drivers/STM32L4xx_HAL_Driver/Src/stm32l4xx_hal_gpio.c 0x00000000   Number         0  stm32l4xx_hal_gpio.o ABSOLUTE
    ../Drivers/STM32L4xx_HAL_Driver/Src/stm32l4xx_hal_i2c.c 0x00000000   Number         0  stm32l4xx_hal_i2c.o ABSOLUTE
    ../Drivers/STM32L4xx_HAL_Driver/Src/stm32l4xx_hal_i2c_ex.c 0x00000000   Number         0  stm32l4xx_hal_i2c_ex.o ABSOLUTE
    ../Drivers/STM32L4xx_HAL_Driver/Src/stm32l4xx_hal_pwr.c 0x00000000   Number         0  stm32l4xx_hal_pwr.o ABSOLUTE
    ../Drivers/STM32L4xx_HAL_Driver/Src/stm32l4xx_hal_pwr_ex.c 0x00000000   Number         0  stm32l4xx_hal_pwr_ex.o ABSOLUTE
    ../Drivers/STM32L4xx_HAL_Driver/Src/stm32l4xx_hal_rcc.c 0x00000000   Number         0  stm32l4xx_hal_rcc.o ABSOLUTE
    ../Drivers/STM32L4xx_HAL_Driver/Src/stm32l4xx_hal_rcc_ex.c 0x00000000   Number         0  stm32l4xx_hal_rcc_ex.o ABSOLUTE
    ../Drivers/STM32L4xx_HAL_Driver/Src/stm32l4xx_hal_tim.c 0x00000000   Number         0  stm32l4xx_hal_tim.o ABSOLUTE
    ../Drivers/STM32L4xx_HAL_Driver/Src/stm32l4xx_hal_tim_ex.c 0x00000000   Number         0  stm32l4xx_hal_tim_ex.o ABSOLUTE
    ../Drivers/STM32L4xx_HAL_Driver/Src/stm32l4xx_hal_uart.c 0x00000000   Number         0  stm32l4xx_hal_uart.o ABSOLUTE
    ../Drivers/STM32L4xx_HAL_Driver/Src/stm32l4xx_hal_uart_ex.c 0x00000000   Number         0  stm32l4xx_hal_uart_ex.o ABSOLUTE
    ../Middlewares/Third_Party/FreeRTOS/Source/CMSIS_RTOS_V2/cmsis_os2.c 0x00000000   Number         0  cmsis_os2.o ABSOLUTE
    ../Middlewares/Third_Party/FreeRTOS/Source/croutine.c 0x00000000   Number         0  croutine.o ABSOLUTE
    ../Middlewares/Third_Party/FreeRTOS/Source/event_groups.c 0x00000000   Number         0  event_groups.o ABSOLUTE
    ../Middlewares/Third_Party/FreeRTOS/Source/list.c 0x00000000   Number         0  list.o ABSOLUTE
    ../Middlewares/Third_Party/FreeRTOS/Source/portable/MemMang/heap_4.c 0x00000000   Number         0  heap_4.o ABSOLUTE
    ../Middlewares/Third_Party/FreeRTOS/Source/portable/RVDS/ARM_CM4F/port.c 0x00000000   Number         0  port.o ABSOLUTE
    ../Middlewares/Third_Party/FreeRTOS/Source/queue.c 0x00000000   Number         0  queue.o ABSOLUTE
    ../Middlewares/Third_Party/FreeRTOS/Source/stream_buffer.c 0x00000000   Number         0  stream_buffer.o ABSOLUTE
    ../Middlewares/Third_Party/FreeRTOS/Source/tasks.c 0x00000000   Number         0  tasks.o ABSOLUTE
    ../Middlewares/Third_Party/FreeRTOS/Source/timers.c 0x00000000   Number         0  timers.o ABSOLUTE
    ../Src/freertos.c                        0x00000000   Number         0  freertos.o ABSOLUTE
    ../Src/main.c                            0x00000000   Number         0  main.o ABSOLUTE
    ../Src/stm32l4xx_hal_msp.c               0x00000000   Number         0  stm32l4xx_hal_msp.o ABSOLUTE
    ../Src/stm32l4xx_hal_timebase_tim.c      0x00000000   Number         0  stm32l4xx_hal_timebase_tim.o ABSOLUTE
    ../Src/stm32l4xx_it.c                    0x00000000   Number         0  stm32l4xx_it.o ABSOLUTE
    ../Src/system_stm32l4xx.c                0x00000000   Number         0  system_stm32l4xx.o ABSOLUTE
    ../clib/microlib/division.c              0x00000000   Number         0  uldiv.o ABSOLUTE
    ../clib/microlib/init/entry.s            0x00000000   Number         0  entry8a.o ABSOLUTE
    ../clib/microlib/init/entry.s            0x00000000   Number         0  entry8b.o ABSOLUTE
    ../clib/microlib/init/entry.s            0x00000000   Number         0  entry.o ABSOLUTE
    ../clib/microlib/init/entry.s            0x00000000   Number         0  entry9a.o ABSOLUTE
    ../clib/microlib/init/entry.s            0x00000000   Number         0  entry2.o ABSOLUTE
    ../clib/microlib/init/entry.s            0x00000000   Number         0  entry7a.o ABSOLUTE
    ../clib/microlib/init/entry.s            0x00000000   Number         0  entry5.o ABSOLUTE
    ../clib/microlib/init/entry.s            0x00000000   Number         0  entry11b.o ABSOLUTE
    ../clib/microlib/init/entry.s            0x00000000   Number         0  entry7b.o ABSOLUTE
    ../clib/microlib/init/entry.s            0x00000000   Number         0  entry11a.o ABSOLUTE
    ../clib/microlib/init/entry.s            0x00000000   Number         0  entry10b.o ABSOLUTE
    ../clib/microlib/init/entry.s            0x00000000   Number         0  entry10a.o ABSOLUTE
    ../clib/microlib/init/entry.s            0x00000000   Number         0  entry9b.o ABSOLUTE
    ../clib/microlib/longlong.c              0x00000000   Number         0  llshl.o ABSOLUTE
    ../clib/microlib/longlong.c              0x00000000   Number         0  llushr.o ABSOLUTE
    ../clib/microlib/string/memcpy.c         0x00000000   Number         0  memcpyb.o ABSOLUTE
    ../clib/microlib/string/memcpy.c         0x00000000   Number         0  memcpya.o ABSOLUTE
    ../clib/microlib/string/memset.c         0x00000000   Number         0  memset.o ABSOLUTE
    ../clib/microlib/string/memset.c         0x00000000   Number         0  memseta.o ABSOLUTE
    ..\Drivers\STM32L4xx_HAL_Driver\Src\stm32l4xx_hal.c 0x00000000   Number         0  stm32l4xx_hal.o ABSOLUTE
    ..\Drivers\STM32L4xx_HAL_Driver\Src\stm32l4xx_hal_cortex.c 0x00000000   Number         0  stm32l4xx_hal_cortex.o ABSOLUTE
    ..\Drivers\STM32L4xx_HAL_Driver\Src\stm32l4xx_hal_dma.c 0x00000000   Number         0  stm32l4xx_hal_dma.o ABSOLUTE
    ..\Drivers\STM32L4xx_HAL_Driver\Src\stm32l4xx_hal_dma_ex.c 0x00000000   Number         0  stm32l4xx_hal_dma_ex.o ABSOLUTE
    ..\Drivers\STM32L4xx_HAL_Driver\Src\stm32l4xx_hal_exti.c 0x00000000   Number         0  stm32l4xx_hal_exti.o ABSOLUTE
    ..\Drivers\STM32L4xx_HAL_Driver\Src\stm32l4xx_hal_flash.c 0x00000000   Number         0  stm32l4xx_hal_flash.o ABSOLUTE
    ..\Drivers\STM32L4xx_HAL_Driver\Src\stm32l4xx_hal_flash_ex.c 0x00000000   Number         0  stm32l4xx_hal_flash_ex.o ABSOLUTE
    ..\Drivers\STM32L4xx_HAL_Driver\Src\stm32l4xx_hal_flash_ramfunc.c 0x00000000   Number         0  stm32l4xx_hal_flash_ramfunc.o ABSOLUTE
    ..\Drivers\STM32L4xx_HAL_Driver\Src\stm32l4xx_hal_gpio.c 0x00000000   Number         0  stm32l4xx_hal_gpio.o ABSOLUTE
    ..\Drivers\STM32L4xx_HAL_Driver\Src\stm32l4xx_hal_i2c.c 0x00000000   Number         0  stm32l4xx_hal_i2c.o ABSOLUTE
    ..\Drivers\STM32L4xx_HAL_Driver\Src\stm32l4xx_hal_i2c_ex.c 0x00000000   Number         0  stm32l4xx_hal_i2c_ex.o ABSOLUTE
    ..\Drivers\STM32L4xx_HAL_Driver\Src\stm32l4xx_hal_pwr.c 0x00000000   Number         0  stm32l4xx_hal_pwr.o ABSOLUTE
    ..\Drivers\STM32L4xx_HAL_Driver\Src\stm32l4xx_hal_pwr_ex.c 0x00000000   Number         0  stm32l4xx_hal_pwr_ex.o ABSOLUTE
    ..\Drivers\STM32L4xx_HAL_Driver\Src\stm32l4xx_hal_rcc.c 0x00000000   Number         0  stm32l4xx_hal_rcc.o ABSOLUTE
    ..\Drivers\STM32L4xx_HAL_Driver\Src\stm32l4xx_hal_rcc_ex.c 0x00000000   Number         0  stm32l4xx_hal_rcc_ex.o ABSOLUTE
    ..\Drivers\STM32L4xx_HAL_Driver\Src\stm32l4xx_hal_tim.c 0x00000000   Number         0  stm32l4xx_hal_tim.o ABSOLUTE
    ..\Drivers\STM32L4xx_HAL_Driver\Src\stm32l4xx_hal_tim_ex.c 0x00000000   Number         0  stm32l4xx_hal_tim_ex.o ABSOLUTE
    ..\Drivers\STM32L4xx_HAL_Driver\Src\stm32l4xx_hal_uart.c 0x00000000   Number         0  stm32l4xx_hal_uart.o ABSOLUTE
    ..\Drivers\STM32L4xx_HAL_Driver\Src\stm32l4xx_hal_uart_ex.c 0x00000000   Number         0  stm32l4xx_hal_uart_ex.o ABSOLUTE
    ..\Middlewares\Third_Party\FreeRTOS\Source\CMSIS_RTOS_V2\cmsis_os2.c 0x00000000   Number         0  cmsis_os2.o ABSOLUTE
    ..\Middlewares\Third_Party\FreeRTOS\Source\portable\RVDS\ARM_CM4F\port.c 0x00000000   Number         0  port.o ABSOLUTE
    ..\Src\freertos.c                        0x00000000   Number         0  freertos.o ABSOLUTE
    ..\Src\main.c                            0x00000000   Number         0  main.o ABSOLUTE
    ..\Src\stm32l4xx_hal_msp.c               0x00000000   Number         0  stm32l4xx_hal_msp.o ABSOLUTE
    ..\Src\stm32l4xx_hal_timebase_tim.c      0x00000000   Number         0  stm32l4xx_hal_timebase_tim.o ABSOLUTE
    ..\Src\stm32l4xx_it.c                    0x00000000   Number         0  stm32l4xx_it.o ABSOLUTE
    ..\Src\system_stm32l4xx.c                0x00000000   Number         0  system_stm32l4xx.o ABSOLUTE
    dc.s                                     0x00000000   Number         0  dc.o ABSOLUTE
    handlers.s                               0x00000000   Number         0  handlers.o ABSOLUTE
    init.s                                   0x00000000   Number         0  init.o ABSOLUTE
    startup_stm32l432xx.s                    0x00000000   Number         0  startup_stm32l432xx.o ABSOLUTE
    RESET                                    0x08000000   Section      396  startup_stm32l432xx.o(RESET)
    .ARM.Collect$$$$00000000                 0x0800018c   Section        0  entry.o(.ARM.Collect$$$$00000000)
    .ARM.Collect$$$$00000001                 0x0800018c   Section        4  entry2.o(.ARM.Collect$$$$00000001)
    .ARM.Collect$$$$00000004                 0x08000190   Section        4  entry5.o(.ARM.Collect$$$$00000004)
    .ARM.Collect$$$$00000008                 0x08000194   Section        0  entry7b.o(.ARM.Collect$$$$00000008)
    .ARM.Collect$$$$0000000A                 0x08000194   Section        0  entry8b.o(.ARM.Collect$$$$0000000A)
    .ARM.Collect$$$$0000000B                 0x08000194   Section        8  entry9a.o(.ARM.Collect$$$$0000000B)
    .ARM.Collect$$$$0000000D                 0x0800019c   Section        0  entry10a.o(.ARM.Collect$$$$0000000D)
    .ARM.Collect$$$$0000000F                 0x0800019c   Section        0  entry11a.o(.ARM.Collect$$$$0000000F)
    .ARM.Collect$$$$00002712                 0x0800019c   Section        4  entry2.o(.ARM.Collect$$$$00002712)
    __lit__00000000                          0x0800019c   Data           4  entry2.o(.ARM.Collect$$$$00002712)
    .emb_text                                0x080001a0   Section      190  port.o(.emb_text)
    $v0                                      0x080001a0   Number         0  port.o(.emb_text)
    .text                                    0x08000280   Section       36  startup_stm32l432xx.o(.text)
    $v0                                      0x08000280   Number         0  startup_stm32l432xx.o(.text)
    .text                                    0x080002a4   Section        0  uldiv.o(.text)
    .text                                    0x0800030c   Section        0  memcpya.o(.text)
    .text                                    0x08000330   Section        0  memseta.o(.text)
    .text                                    0x08000354   Section        0  llshl.o(.text)
    .text                                    0x08000372   Section        0  llushr.o(.text)
    .text                                    0x08000394   Section       36  init.o(.text)
    i.BusFault_Handler                       0x080003b8   Section        0  stm32l4xx_it.o(i.BusFault_Handler)
    i.DebugMon_Handler                       0x080003ba   Section        0  stm32l4xx_it.o(i.DebugMon_Handler)
    i.HAL_DMA_Abort_IT                       0x080003bc   Section        0  stm32l4xx_hal_dma.o(i.HAL_DMA_Abort_IT)
    i.HAL_GPIO_Init                          0x0800040c   Section        0  stm32l4xx_hal_gpio.o(i.HAL_GPIO_Init)
    i.HAL_GPIO_TogglePin                     0x080005ae   Section        0  stm32l4xx_hal_gpio.o(i.HAL_GPIO_TogglePin)
    i.HAL_GPIO_WritePin                      0x080005bc   Section        0  stm32l4xx_hal_gpio.o(i.HAL_GPIO_WritePin)
    i.HAL_GetTick                            0x080005c8   Section        0  stm32l4xx_hal.o(i.HAL_GetTick)
    i.HAL_IncTick                            0x080005d4   Section        0  stm32l4xx_hal.o(i.HAL_IncTick)
    i.HAL_Init                               0x080005e4   Section        0  stm32l4xx_hal.o(i.HAL_Init)
    i.HAL_InitTick                           0x08000604   Section        0  stm32l4xx_hal_timebase_tim.o(i.HAL_InitTick)
    i.HAL_MspInit                            0x08000678   Section        0  stm32l4xx_hal_msp.o(i.HAL_MspInit)
    i.HAL_NVIC_EnableIRQ                     0x080006ac   Section        0  stm32l4xx_hal_cortex.o(i.HAL_NVIC_EnableIRQ)
    i.HAL_NVIC_SetPriority                   0x080006c8   Section        0  stm32l4xx_hal_cortex.o(i.HAL_NVIC_SetPriority)
    i.HAL_NVIC_SetPriorityGrouping           0x08000708   Section        0  stm32l4xx_hal_cortex.o(i.HAL_NVIC_SetPriorityGrouping)
    i.HAL_PWREx_ControlVoltageScaling        0x0800072c   Section        0  stm32l4xx_hal_pwr_ex.o(i.HAL_PWREx_ControlVoltageScaling)
    i.HAL_PWREx_GetVoltageRange              0x08000794   Section        0  stm32l4xx_hal_pwr_ex.o(i.HAL_PWREx_GetVoltageRange)
    i.HAL_RCCEx_PeriphCLKConfig              0x080007a4   Section        0  stm32l4xx_hal_rcc_ex.o(i.HAL_RCCEx_PeriphCLKConfig)
    i.HAL_RCC_ClockConfig                    0x08000a30   Section        0  stm32l4xx_hal_rcc.o(i.HAL_RCC_ClockConfig)
    i.HAL_RCC_GetClockConfig                 0x08000b50   Section        0  stm32l4xx_hal_rcc.o(i.HAL_RCC_GetClockConfig)
    i.HAL_RCC_GetPCLK1Freq                   0x08000b90   Section        0  stm32l4xx_hal_rcc.o(i.HAL_RCC_GetPCLK1Freq)
    i.HAL_RCC_GetPCLK2Freq                   0x08000bb4   Section        0  stm32l4xx_hal_rcc.o(i.HAL_RCC_GetPCLK2Freq)
    i.HAL_RCC_GetSysClockFreq                0x08000bd8   Section        0  stm32l4xx_hal_rcc.o(i.HAL_RCC_GetSysClockFreq)
    i.HAL_RCC_OscConfig                      0x08000c7c   Section        0  stm32l4xx_hal_rcc.o(i.HAL_RCC_OscConfig)
    i.HAL_TIMEx_Break2Callback               0x080011e8   Section        0  stm32l4xx_hal_tim_ex.o(i.HAL_TIMEx_Break2Callback)
    i.HAL_TIMEx_BreakCallback                0x080011ea   Section        0  stm32l4xx_hal_tim_ex.o(i.HAL_TIMEx_BreakCallback)
    i.HAL_TIMEx_CommutCallback               0x080011ec   Section        0  stm32l4xx_hal_tim_ex.o(i.HAL_TIMEx_CommutCallback)
    i.HAL_TIM_Base_Init                      0x080011ee   Section        0  stm32l4xx_hal_tim.o(i.HAL_TIM_Base_Init)
    i.HAL_TIM_Base_MspInit                   0x08001224   Section        0  stm32l4xx_hal_tim.o(i.HAL_TIM_Base_MspInit)
    i.HAL_TIM_Base_Start_IT                  0x08001228   Section        0  stm32l4xx_hal_tim.o(i.HAL_TIM_Base_Start_IT)
    i.HAL_TIM_IC_CaptureCallback             0x08001254   Section        0  stm32l4xx_hal_tim.o(i.HAL_TIM_IC_CaptureCallback)
    i.HAL_TIM_IRQHandler                     0x08001256   Section        0  stm32l4xx_hal_tim.o(i.HAL_TIM_IRQHandler)
    i.HAL_TIM_OC_DelayElapsedCallback        0x080013da   Section        0  stm32l4xx_hal_tim.o(i.HAL_TIM_OC_DelayElapsedCallback)
    i.HAL_TIM_PWM_PulseFinishedCallback      0x080013dc   Section        0  stm32l4xx_hal_tim.o(i.HAL_TIM_PWM_PulseFinishedCallback)
    i.HAL_TIM_PeriodElapsedCallback          0x080013e0   Section        0  main.o(i.HAL_TIM_PeriodElapsedCallback)
    i.HAL_TIM_TriggerCallback                0x080013f4   Section        0  stm32l4xx_hal_tim.o(i.HAL_TIM_TriggerCallback)
    i.HAL_UARTEx_WakeupCallback              0x080013f6   Section        0  stm32l4xx_hal_uart_ex.o(i.HAL_UARTEx_WakeupCallback)
    i.HAL_UART_ErrorCallback                 0x080013f8   Section        0  stm32l4xx_hal_uart.o(i.HAL_UART_ErrorCallback)
    i.HAL_UART_IRQHandler                    0x080013fc   Section        0  stm32l4xx_hal_uart.o(i.HAL_UART_IRQHandler)
    i.HAL_UART_Init                          0x0800155c   Section        0  stm32l4xx_hal_uart.o(i.HAL_UART_Init)
    i.HAL_UART_MspInit                       0x080015c4   Section        0  stm32l4xx_hal_msp.o(i.HAL_UART_MspInit)
    i.HAL_UART_Receive                       0x08001638   Section        0  stm32l4xx_hal_uart.o(i.HAL_UART_Receive)
    i.HAL_UART_Transmit                      0x0800172c   Section        0  stm32l4xx_hal_uart.o(i.HAL_UART_Transmit)
    i.HAL_UART_TxCpltCallback                0x080017e2   Section        0  stm32l4xx_hal_uart.o(i.HAL_UART_TxCpltCallback)
    i.HardFault_Handler                      0x080017e4   Section        0  stm32l4xx_it.o(i.HardFault_Handler)
    i.MX_USART1_UART_Init                    0x080017e8   Section        0  main.o(i.MX_USART1_UART_Init)
    MX_USART1_UART_Init                      0x080017e9   Thumb Code    36  main.o(i.MX_USART1_UART_Init)
    i.MemManage_Handler                      0x08001814   Section        0  stm32l4xx_it.o(i.MemManage_Handler)
    i.NMI_Handler                            0x08001816   Section        0  stm32l4xx_it.o(i.NMI_Handler)
    i.RCCEx_PLLSAI1_Config                   0x08001818   Section        0  stm32l4xx_hal_rcc_ex.o(i.RCCEx_PLLSAI1_Config)
    RCCEx_PLLSAI1_Config                     0x08001819   Thumb Code   278  stm32l4xx_hal_rcc_ex.o(i.RCCEx_PLLSAI1_Config)
    i.RCC_SetFlashLatencyFromMSIRange        0x08001944   Section        0  stm32l4xx_hal_rcc.o(i.RCC_SetFlashLatencyFromMSIRange)
    RCC_SetFlashLatencyFromMSIRange          0x08001945   Thumb Code   116  stm32l4xx_hal_rcc.o(i.RCC_SetFlashLatencyFromMSIRange)
    i.StartTask01                            0x080019c0   Section        0  main.o(i.StartTask01)
    i.StartTask02                            0x080019dc   Section        0  main.o(i.StartTask02)
    i.StartTask03                            0x08001a1c   Section        0  main.o(i.StartTask03)
    i.SysTick_Handler                        0x08001a20   Section        0  port.o(i.SysTick_Handler)
    i.SystemClock_Config                     0x08001a4c   Section        0  main.o(i.SystemClock_Config)
    i.SystemInit                             0x08001aa8   Section        0  system_stm32l4xx.o(i.SystemInit)
    i.TIM1_UP_TIM16_IRQHandler               0x08001aec   Section        0  stm32l4xx_it.o(i.TIM1_UP_TIM16_IRQHandler)
    i.TIM_Base_SetConfig                     0x08001af8   Section        0  stm32l4xx_hal_tim.o(i.TIM_Base_SetConfig)
    i.UART_AdvFeatureConfig                  0x08001b64   Section        0  stm32l4xx_hal_uart.o(i.UART_AdvFeatureConfig)
    i.UART_CheckIdleState                    0x08001c2c   Section        0  stm32l4xx_hal_uart.o(i.UART_CheckIdleState)
    i.UART_DMAAbortOnError                   0x08001c84   Section        0  stm32l4xx_hal_uart.o(i.UART_DMAAbortOnError)
    UART_DMAAbortOnError                     0x08001c85   Thumb Code    20  stm32l4xx_hal_uart.o(i.UART_DMAAbortOnError)
    i.UART_EndRxTransfer                     0x08001c98   Section        0  stm32l4xx_hal_uart.o(i.UART_EndRxTransfer)
    UART_EndRxTransfer                       0x08001c99   Thumb Code    30  stm32l4xx_hal_uart.o(i.UART_EndRxTransfer)
    i.UART_SetConfig                         0x08001cb8   Section        0  stm32l4xx_hal_uart.o(i.UART_SetConfig)
    i.UART_WaitOnFlagUntilTimeout            0x08001ee0   Section        0  stm32l4xx_hal_uart.o(i.UART_WaitOnFlagUntilTimeout)
    i.USART1_IRQHandler                      0x08001f84   Section        0  main.o(i.USART1_IRQHandler)
    i.UsageFault_Handler                     0x08001fb0   Section        0  stm32l4xx_it.o(i.UsageFault_Handler)
    i.__NVIC_SetPriority                     0x08001fb2   Section        0  stm32l4xx_hal_cortex.o(i.__NVIC_SetPriority)
    __NVIC_SetPriority                       0x08001fb3   Thumb Code    32  stm32l4xx_hal_cortex.o(i.__NVIC_SetPriority)
    i.__scatterload_copy                     0x08001fd2   Section       14  handlers.o(i.__scatterload_copy)
    i.__scatterload_null                     0x08001fe0   Section        2  handlers.o(i.__scatterload_null)
    i.__scatterload_zeroinit                 0x08001fe2   Section       14  handlers.o(i.__scatterload_zeroinit)
    i.main                                   0x08001ff0   Section        0  main.o(i.main)
    i.osDelay                                0x080020e8   Section        0  cmsis_os2.o(i.osDelay)
    i.osKernelInitialize                     0x0800211c   Section        0  cmsis_os2.o(i.osKernelInitialize)
    i.osKernelStart                          0x08002150   Section        0  cmsis_os2.o(i.osKernelStart)
    i.osMessageQueueNew                      0x0800218c   Section        0  cmsis_os2.o(i.osMessageQueueNew)
    i.osThreadNew                            0x08002200   Section        0  cmsis_os2.o(i.osThreadNew)
    i.prvAddCurrentTaskToDelayedList         0x080022a4   Section        0  tasks.o(i.prvAddCurrentTaskToDelayedList)
    prvAddCurrentTaskToDelayedList           0x080022a5   Thumb Code    84  tasks.o(i.prvAddCurrentTaskToDelayedList)
    i.prvAddNewTaskToReadyList               0x08002300   Section        0  tasks.o(i.prvAddNewTaskToReadyList)
    prvAddNewTaskToReadyList                 0x08002301   Thumb Code   190  tasks.o(i.prvAddNewTaskToReadyList)
    i.prvCheckForValidListAndQueue           0x080023d0   Section        0  timers.o(i.prvCheckForValidListAndQueue)
    prvCheckForValidListAndQueue             0x080023d1   Thumb Code    72  timers.o(i.prvCheckForValidListAndQueue)
    i.prvCopyDataFromQueue                   0x08002428   Section        0  queue.o(i.prvCopyDataFromQueue)
    prvCopyDataFromQueue                     0x08002429   Thumb Code    38  queue.o(i.prvCopyDataFromQueue)
    i.prvCopyDataToQueue                     0x0800244e   Section        0  queue.o(i.prvCopyDataToQueue)
    prvCopyDataToQueue                       0x0800244f   Thumb Code   108  queue.o(i.prvCopyDataToQueue)
    i.prvDeleteTCB                           0x080024ba   Section        0  tasks.o(i.prvDeleteTCB)
    prvDeleteTCB                             0x080024bb   Thumb Code    52  tasks.o(i.prvDeleteTCB)
    i.prvHeapInit                            0x080024f0   Section        0  heap_4.o(i.prvHeapInit)
    prvHeapInit                              0x080024f1   Thumb Code    64  heap_4.o(i.prvHeapInit)
    i.prvIdleTask                            0x08002538   Section        0  tasks.o(i.prvIdleTask)
    prvIdleTask                              0x08002539   Thumb Code    82  tasks.o(i.prvIdleTask)
    i.prvInitialiseNewQueue                  0x08002598   Section        0  queue.o(i.prvInitialiseNewQueue)
    prvInitialiseNewQueue                    0x08002599   Thumb Code    34  queue.o(i.prvInitialiseNewQueue)
    i.prvInitialiseNewTask                   0x080025bc   Section        0  tasks.o(i.prvInitialiseNewTask)
    prvInitialiseNewTask                     0x080025bd   Thumb Code   176  tasks.o(i.prvInitialiseNewTask)
    i.prvInsertBlockIntoFreeList             0x08002674   Section        0  heap_4.o(i.prvInsertBlockIntoFreeList)
    prvInsertBlockIntoFreeList               0x08002675   Thumb Code    72  heap_4.o(i.prvInsertBlockIntoFreeList)
    i.prvInsertTimerInActiveList             0x080026c0   Section        0  timers.o(i.prvInsertTimerInActiveList)
    prvInsertTimerInActiveList               0x080026c1   Thumb Code    52  timers.o(i.prvInsertTimerInActiveList)
    i.prvIsQueueEmpty                        0x080026f8   Section        0  queue.o(i.prvIsQueueEmpty)
    prvIsQueueEmpty                          0x080026f9   Thumb Code    28  queue.o(i.prvIsQueueEmpty)
    i.prvProcessReceivedCommands             0x08002714   Section        0  timers.o(i.prvProcessReceivedCommands)
    prvProcessReceivedCommands               0x08002715   Thumb Code   248  timers.o(i.prvProcessReceivedCommands)
    i.prvProcessTimerOrBlockTask             0x08002810   Section        0  timers.o(i.prvProcessTimerOrBlockTask)
    prvProcessTimerOrBlockTask               0x08002811   Thumb Code   182  timers.o(i.prvProcessTimerOrBlockTask)
    i.prvResetNextTaskUnblockTime            0x080028d0   Section        0  tasks.o(i.prvResetNextTaskUnblockTime)
    prvResetNextTaskUnblockTime              0x080028d1   Thumb Code    26  tasks.o(i.prvResetNextTaskUnblockTime)
    i.prvSampleTimeNow                       0x080028f0   Section        0  timers.o(i.prvSampleTimeNow)
    prvSampleTimeNow                         0x080028f1   Thumb Code    36  timers.o(i.prvSampleTimeNow)
    i.prvSwitchTimerLists                    0x08002918   Section        0  timers.o(i.prvSwitchTimerLists)
    prvSwitchTimerLists                      0x08002919   Thumb Code   104  timers.o(i.prvSwitchTimerLists)
    i.prvTaskExitError                       0x08002984   Section        0  port.o(i.prvTaskExitError)
    prvTaskExitError                         0x08002985   Thumb Code    36  port.o(i.prvTaskExitError)
    i.prvTimerTask                           0x080029ac   Section        0  timers.o(i.prvTimerTask)
    prvTimerTask                             0x080029ad   Thumb Code    32  timers.o(i.prvTimerTask)
    i.prvUnlockQueue                         0x080029d0   Section        0  queue.o(i.prvUnlockQueue)
    prvUnlockQueue                           0x080029d1   Thumb Code   106  queue.o(i.prvUnlockQueue)
    i.pvPortMalloc                           0x08002a3c   Section        0  heap_4.o(i.pvPortMalloc)
    i.pvTaskIncrementMutexHeldCount          0x08002b14   Section        0  tasks.o(i.pvTaskIncrementMutexHeldCount)
    i.pxPortInitialiseStack                  0x08002b2c   Section        0  port.o(i.pxPortInitialiseStack)
    i.uxListRemove                           0x08002b58   Section        0  list.o(i.uxListRemove)
    i.vApplicationGetIdleTaskMemory          0x08002b80   Section        0  cmsis_os2.o(i.vApplicationGetIdleTaskMemory)
    i.vApplicationGetTimerTaskMemory         0x08002b94   Section        0  cmsis_os2.o(i.vApplicationGetTimerTaskMemory)
    i.vListInitialise                        0x08002bac   Section        0  list.o(i.vListInitialise)
    i.vListInitialiseItem                    0x08002bc2   Section        0  list.o(i.vListInitialiseItem)
    i.vListInsert                            0x08002bc8   Section        0  list.o(i.vListInsert)
    i.vListInsertEnd                         0x08002bf8   Section        0  list.o(i.vListInsertEnd)
    i.vPortEnterCritical                     0x08002c10   Section        0  port.o(i.vPortEnterCritical)
    i.vPortExitCritical                      0x08002c50   Section        0  port.o(i.vPortExitCritical)
    i.vPortFree                              0x08002c78   Section        0  heap_4.o(i.vPortFree)
    i.vPortSetupTimerInterrupt               0x08002cd4   Section        0  port.o(i.vPortSetupTimerInterrupt)
    i.vPortValidateInterruptPriority         0x08002cf8   Section        0  port.o(i.vPortValidateInterruptPriority)
    i.vQueueAddToRegistry                    0x08002d4c   Section        0  queue.o(i.vQueueAddToRegistry)
    i.vQueueWaitForMessageRestricted         0x08002d74   Section        0  queue.o(i.vQueueWaitForMessageRestricted)
    i.vTaskDelay                             0x08002db8   Section        0  tasks.o(i.vTaskDelay)
    i.vTaskInternalSetTimeOutState           0x08002e04   Section        0  tasks.o(i.vTaskInternalSetTimeOutState)
    i.vTaskMissedYield                       0x08002e14   Section        0  tasks.o(i.vTaskMissedYield)
    i.vTaskPlaceOnEventList                  0x08002e20   Section        0  tasks.o(i.vTaskPlaceOnEventList)
    i.vTaskPlaceOnEventListRestricted        0x08002e50   Section        0  tasks.o(i.vTaskPlaceOnEventListRestricted)
    i.vTaskPriorityDisinheritAfterTimeout    0x08002e88   Section        0  tasks.o(i.vTaskPriorityDisinheritAfterTimeout)
    i.vTaskStartScheduler                    0x08002f18   Section        0  tasks.o(i.vTaskStartScheduler)
    i.vTaskSuspendAll                        0x08002fa0   Section        0  tasks.o(i.vTaskSuspendAll)
    i.vTaskSwitchContext                     0x08002fb0   Section        0  tasks.o(i.vTaskSwitchContext)
    i.xPortStartScheduler                    0x08003014   Section        0  port.o(i.xPortStartScheduler)
    i.xQueueGenericCreate                    0x08003108   Section        0  queue.o(i.xQueueGenericCreate)
    i.xQueueGenericCreateStatic              0x08003150   Section        0  queue.o(i.xQueueGenericCreateStatic)
    i.xQueueGenericReset                     0x080031b8   Section        0  queue.o(i.xQueueGenericReset)
    i.xQueueGenericSend                      0x08003240   Section        0  queue.o(i.xQueueGenericSend)
    i.xQueueGenericSendFromISR               0x080033a0   Section        0  queue.o(i.xQueueGenericSendFromISR)
    i.xQueueGiveFromISR                      0x0800345c   Section        0  queue.o(i.xQueueGiveFromISR)
    i.xQueueReceive                          0x080034f8   Section        0  queue.o(i.xQueueReceive)
    i.xQueueSemaphoreTake                    0x08003630   Section        0  queue.o(i.xQueueSemaphoreTake)
    i.xTaskCheckForTimeOut                   0x080037a8   Section        0  tasks.o(i.xTaskCheckForTimeOut)
    i.xTaskCreate                            0x0800381c   Section        0  tasks.o(i.xTaskCreate)
    i.xTaskCreateStatic                      0x0800387c   Section        0  tasks.o(i.xTaskCreateStatic)
    i.xTaskGetSchedulerState                 0x080038d4   Section        0  tasks.o(i.xTaskGetSchedulerState)
    i.xTaskGetTickCount                      0x080038f0   Section        0  tasks.o(i.xTaskGetTickCount)
    i.xTaskIncrementTick                     0x080038fc   Section        0  tasks.o(i.xTaskIncrementTick)
    i.xTaskPriorityDisinherit                0x080039c4   Section        0  tasks.o(i.xTaskPriorityDisinherit)
    i.xTaskPriorityInherit                   0x08003a44   Section        0  tasks.o(i.xTaskPriorityInherit)
    i.xTaskRemoveFromEventList               0x08003abc   Section        0  tasks.o(i.xTaskRemoveFromEventList)
    i.xTaskResumeAll                         0x08003b2c   Section        0  tasks.o(i.xTaskResumeAll)
    i.xTimerCreateTimerTask                  0x08003bf0   Section        0  timers.o(i.xTimerCreateTimerTask)
    i.xTimerGenericCommand                   0x08003c50   Section        0  timers.o(i.xTimerGenericCommand)
    .constdata                               0x08003cb8   Section      156  main.o(.constdata)
    .constdata                               0x08003d54   Section       64  system_stm32l4xx.o(.constdata)
    .constdata                               0x08003d94   Section        8  system_stm32l4xx.o(.constdata)
    .conststring                             0x08003d9c   Section       56  main.o(.conststring)
    .data                                    0x20000000   Section       28  main.o(.data)
    .data                                    0x2000001c   Section       12  stm32l4xx_hal.o(.data)
    .data                                    0x20000028   Section        4  system_stm32l4xx.o(.data)
    .data                                    0x2000002c   Section       60  tasks.o(.data)
    pxDelayedTaskList                        0x20000030   Data           4  tasks.o(.data)
    pxOverflowDelayedTaskList                0x20000034   Data           4  tasks.o(.data)
    uxDeletedTasksWaitingCleanUp             0x20000038   Data           4  tasks.o(.data)
    uxCurrentNumberOfTasks                   0x2000003c   Data           4  tasks.o(.data)
    xTickCount                               0x20000040   Data           4  tasks.o(.data)
    uxTopReadyPriority                       0x20000044   Data           4  tasks.o(.data)
    xSchedulerRunning                        0x20000048   Data           4  tasks.o(.data)
    uxPendedTicks                            0x2000004c   Data           4  tasks.o(.data)
    xYieldPending                            0x20000050   Data           4  tasks.o(.data)
    xNumOfOverflows                          0x20000054   Data           4  tasks.o(.data)
    uxTaskNumber                             0x20000058   Data           4  tasks.o(.data)
    xNextTaskUnblockTime                     0x2000005c   Data           4  tasks.o(.data)
    xIdleTaskHandle                          0x20000060   Data           4  tasks.o(.data)
    uxSchedulerSuspended                     0x20000064   Data           4  tasks.o(.data)
    .data                                    0x20000068   Section       20  timers.o(.data)
    pxCurrentTimerList                       0x20000068   Data           4  timers.o(.data)
    pxOverflowTimerList                      0x2000006c   Data           4  timers.o(.data)
    xTimerQueue                              0x20000070   Data           4  timers.o(.data)
    xTimerTaskHandle                         0x20000074   Data           4  timers.o(.data)
    xLastTime                                0x20000078   Data           4  timers.o(.data)
    .data                                    0x2000007c   Section        4  cmsis_os2.o(.data)
    KernelState                              0x2000007c   Data           4  cmsis_os2.o(.data)
    .data                                    0x20000080   Section       24  heap_4.o(.data)
    pxEnd                                    0x20000080   Data           4  heap_4.o(.data)
    xFreeBytesRemaining                      0x20000084   Data           4  heap_4.o(.data)
    xMinimumEverFreeBytesRemaining           0x20000088   Data           4  heap_4.o(.data)
    xBlockAllocatedBit                       0x2000008c   Data           4  heap_4.o(.data)
    xStart                                   0x20000090   Data           8  heap_4.o(.data)
    .data                                    0x20000098   Section       12  port.o(.data)
    ucMaxSysCallPriority                     0x20000098   Data           1  port.o(.data)
    uxCriticalNesting                        0x2000009c   Data           4  port.o(.data)
    ulMaxPRIGROUPValue                       0x200000a0   Data           4  port.o(.data)
    .bss                                     0x200000a4   Section      128  main.o(.bss)
    .bss                                     0x20000124   Section       64  stm32l4xx_hal_timebase_tim.o(.bss)
    .bss                                     0x20000164   Section       64  queue.o(.bss)
    .bss                                     0x200001a4   Section     1220  tasks.o(.bss)
    pxReadyTasksLists                        0x200001a4   Data        1120  tasks.o(.bss)
    xDelayedTaskList1                        0x20000604   Data          20  tasks.o(.bss)
    xDelayedTaskList2                        0x20000618   Data          20  tasks.o(.bss)
    xPendingReadyList                        0x2000062c   Data          20  tasks.o(.bss)
    xTasksWaitingTermination                 0x20000640   Data          20  tasks.o(.bss)
    xSuspendedTaskList                       0x20000654   Data          20  tasks.o(.bss)
    .bss                                     0x20000668   Section      280  timers.o(.bss)
    xActiveTimerList1                        0x20000668   Data          20  timers.o(.bss)
    xActiveTimerList2                        0x2000067c   Data          20  timers.o(.bss)
    xStaticTimerQueue                        0x20000690   Data          80  timers.o(.bss)
    ucStaticTimerQueueStorage                0x200006e0   Data         160  timers.o(.bss)
    .bss                                     0x20000780   Section     1720  cmsis_os2.o(.bss)
    Idle_TCB                                 0x20000780   Data          92  cmsis_os2.o(.bss)
    Idle_Stack                               0x200007dc   Data         512  cmsis_os2.o(.bss)
    Timer_TCB                                0x200009dc   Data          92  cmsis_os2.o(.bss)
    Timer_Stack                              0x20000a38   Data        1024  cmsis_os2.o(.bss)
    .bss                                     0x20000e38   Section     3000  heap_4.o(.bss)
    ucHeap                                   0x20000e38   Data        3000  heap_4.o(.bss)
    STACK                                    0x200019f0   Section     1024  startup_stm32l432xx.o(STACK)

    Global Symbols

    Symbol Name                              Value     Ov Type        Size  Object(Section)

    BuildAttributes$$THM_ISAv4$E$P$D$K$B$S$7EM$VFPi3$EXTD16$VFPS$VFMA$PE$A:L22UL41UL21$X:L11$S22US41US21$IEEE1$IW$USESV6$~STKCKD$USESV7$~SHL$OSPACE$EBA8$MICROLIB$REQ8$PRES8$EABIv2 0x00000000   Number         0  anon$$obj.o ABSOLUTE
    __ARM_use_no_argv                        0x00000000   Number         0  main.o ABSOLUTE
    __cpp_initialize__aeabi_                  - Undefined Weak Reference
    __cxa_finalize                            - Undefined Weak Reference
    __decompress                              - Undefined Weak Reference
    _clock_init                               - Undefined Weak Reference
    _microlib_exit                            - Undefined Weak Reference
    __Vectors_Size                           0x0000018c   Number         0  startup_stm32l432xx.o ABSOLUTE
    __Vectors                                0x08000000   Data           4  startup_stm32l432xx.o(RESET)
    __Vectors_End                            0x0800018c   Data           0  startup_stm32l432xx.o(RESET)
    __main                                   0x0800018d   Thumb Code     0  entry.o(.ARM.Collect$$$$00000000)
    _main_stk                                0x0800018d   Thumb Code     0  entry2.o(.ARM.Collect$$$$00000001)
    _main_scatterload                        0x08000191   Thumb Code     0  entry5.o(.ARM.Collect$$$$00000004)
    __main_after_scatterload                 0x08000195   Thumb Code     0  entry5.o(.ARM.Collect$$$$00000004)
    _main_clock                              0x08000195   Thumb Code     0  entry7b.o(.ARM.Collect$$$$00000008)
    _main_cpp_init                           0x08000195   Thumb Code     0  entry8b.o(.ARM.Collect$$$$0000000A)
    _main_init                               0x08000195   Thumb Code     0  entry9a.o(.ARM.Collect$$$$0000000B)
    __rt_final_cpp                           0x0800019d   Thumb Code     0  entry10a.o(.ARM.Collect$$$$0000000D)
    __rt_final_exit                          0x0800019d   Thumb Code     0  entry11a.o(.ARM.Collect$$$$0000000F)
    SVC_Handler                              0x080001a1   Thumb Code    28  port.o(.emb_text)
    __asm___6_port_c_39a90d8d__prvStartFirstTask 0x080001c1   Thumb Code    36  port.o(.emb_text)
    __asm___6_port_c_39a90d8d__prvEnableVFP  0x080001e9   Thumb Code    16  port.o(.emb_text)
    PendSV_Handler                           0x080001fd   Thumb Code    88  port.o(.emb_text)
    vPortGetIPSR                             0x08000259   Thumb Code     6  port.o(.emb_text)
    Reset_Handler                            0x08000281   Thumb Code     8  startup_stm32l432xx.o(.text)
    ADC1_IRQHandler                          0x0800029b   Thumb Code     0  startup_stm32l432xx.o(.text)
    CAN1_RX0_IRQHandler                      0x0800029b   Thumb Code     0  startup_stm32l432xx.o(.text)
    CAN1_RX1_IRQHandler                      0x0800029b   Thumb Code     0  startup_stm32l432xx.o(.text)
    CAN1_SCE_IRQHandler                      0x0800029b   Thumb Code     0  startup_stm32l432xx.o(.text)
    CAN1_TX_IRQHandler                       0x0800029b   Thumb Code     0  startup_stm32l432xx.o(.text)
    COMP_IRQHandler                          0x0800029b   Thumb Code     0  startup_stm32l432xx.o(.text)
    CRS_IRQHandler                           0x0800029b   Thumb Code     0  startup_stm32l432xx.o(.text)
    DMA1_Channel1_IRQHandler                 0x0800029b   Thumb Code     0  startup_stm32l432xx.o(.text)
    DMA1_Channel2_IRQHandler                 0x0800029b   Thumb Code     0  startup_stm32l432xx.o(.text)
    DMA1_Channel3_IRQHandler                 0x0800029b   Thumb Code     0  startup_stm32l432xx.o(.text)
    DMA1_Channel4_IRQHandler                 0x0800029b   Thumb Code     0  startup_stm32l432xx.o(.text)
    DMA1_Channel5_IRQHandler                 0x0800029b   Thumb Code     0  startup_stm32l432xx.o(.text)
    DMA1_Channel6_IRQHandler                 0x0800029b   Thumb Code     0  startup_stm32l432xx.o(.text)
    DMA1_Channel7_IRQHandler                 0x0800029b   Thumb Code     0  startup_stm32l432xx.o(.text)
    DMA2_Channel1_IRQHandler                 0x0800029b   Thumb Code     0  startup_stm32l432xx.o(.text)
    DMA2_Channel2_IRQHandler                 0x0800029b   Thumb Code     0  startup_stm32l432xx.o(.text)
    DMA2_Channel3_IRQHandler                 0x0800029b   Thumb Code     0  startup_stm32l432xx.o(.text)
    DMA2_Channel4_IRQHandler                 0x0800029b   Thumb Code     0  startup_stm32l432xx.o(.text)
    DMA2_Channel5_IRQHandler                 0x0800029b   Thumb Code     0  startup_stm32l432xx.o(.text)
    DMA2_Channel6_IRQHandler                 0x0800029b   Thumb Code     0  startup_stm32l432xx.o(.text)
    DMA2_Channel7_IRQHandler                 0x0800029b   Thumb Code     0  startup_stm32l432xx.o(.text)
    EXTI0_IRQHandler                         0x0800029b   Thumb Code     0  startup_stm32l432xx.o(.text)
    EXTI15_10_IRQHandler                     0x0800029b   Thumb Code     0  startup_stm32l432xx.o(.text)
    EXTI1_IRQHandler                         0x0800029b   Thumb Code     0  startup_stm32l432xx.o(.text)
    EXTI2_IRQHandler                         0x0800029b   Thumb Code     0  startup_stm32l432xx.o(.text)
    EXTI3_IRQHandler                         0x0800029b   Thumb Code     0  startup_stm32l432xx.o(.text)
    EXTI4_IRQHandler                         0x0800029b   Thumb Code     0  startup_stm32l432xx.o(.text)
    EXTI9_5_IRQHandler                       0x0800029b   Thumb Code     0  startup_stm32l432xx.o(.text)
    FLASH_IRQHandler                         0x0800029b   Thumb Code     0  startup_stm32l432xx.o(.text)
    FPU_IRQHandler                           0x0800029b   Thumb Code     0  startup_stm32l432xx.o(.text)
    I2C1_ER_IRQHandler                       0x0800029b   Thumb Code     0  startup_stm32l432xx.o(.text)
    I2C1_EV_IRQHandler                       0x0800029b   Thumb Code     0  startup_stm32l432xx.o(.text)
    I2C3_ER_IRQHandler                       0x0800029b   Thumb Code     0  startup_stm32l432xx.o(.text)
    I2C3_EV_IRQHandler                       0x0800029b   Thumb Code     0  startup_stm32l432xx.o(.text)
    LPTIM1_IRQHandler                        0x0800029b   Thumb Code     0  startup_stm32l432xx.o(.text)
    LPTIM2_IRQHandler                        0x0800029b   Thumb Code     0  startup_stm32l432xx.o(.text)
    LPUART1_IRQHandler                       0x0800029b   Thumb Code     0  startup_stm32l432xx.o(.text)
    PVD_PVM_IRQHandler                       0x0800029b   Thumb Code     0  startup_stm32l432xx.o(.text)
    QUADSPI_IRQHandler                       0x0800029b   Thumb Code     0  startup_stm32l432xx.o(.text)
    RCC_IRQHandler                           0x0800029b   Thumb Code     0  startup_stm32l432xx.o(.text)
    RNG_IRQHandler                           0x0800029b   Thumb Code     0  startup_stm32l432xx.o(.text)
    RTC_Alarm_IRQHandler                     0x0800029b   Thumb Code     0  startup_stm32l432xx.o(.text)
    RTC_WKUP_IRQHandler                      0x0800029b   Thumb Code     0  startup_stm32l432xx.o(.text)
    SAI1_IRQHandler                          0x0800029b   Thumb Code     0  startup_stm32l432xx.o(.text)
    SPI1_IRQHandler                          0x0800029b   Thumb Code     0  startup_stm32l432xx.o(.text)
    SPI3_IRQHandler                          0x0800029b   Thumb Code     0  startup_stm32l432xx.o(.text)
    SWPMI1_IRQHandler                        0x0800029b   Thumb Code     0  startup_stm32l432xx.o(.text)
    TAMP_STAMP_IRQHandler                    0x0800029b   Thumb Code     0  startup_stm32l432xx.o(.text)
    TIM1_BRK_TIM15_IRQHandler                0x0800029b   Thumb Code     0  startup_stm32l432xx.o(.text)
    TIM1_CC_IRQHandler                       0x0800029b   Thumb Code     0  startup_stm32l432xx.o(.text)
    TIM1_TRG_COM_IRQHandler                  0x0800029b   Thumb Code     0  startup_stm32l432xx.o(.text)
    TIM2_IRQHandler                          0x0800029b   Thumb Code     0  startup_stm32l432xx.o(.text)
    TIM6_DAC_IRQHandler                      0x0800029b   Thumb Code     0  startup_stm32l432xx.o(.text)
    TIM7_IRQHandler                          0x0800029b   Thumb Code     0  startup_stm32l432xx.o(.text)
    TSC_IRQHandler                           0x0800029b   Thumb Code     0  startup_stm32l432xx.o(.text)
    USART2_IRQHandler                        0x0800029b   Thumb Code     0  startup_stm32l432xx.o(.text)
    USB_IRQHandler                           0x0800029b   Thumb Code     0  startup_stm32l432xx.o(.text)
    WWDG_IRQHandler                          0x0800029b   Thumb Code     0  startup_stm32l432xx.o(.text)
    __aeabi_uldivmod                         0x080002a5   Thumb Code    98  uldiv.o(.text)
    __aeabi_memcpy                           0x0800030d   Thumb Code    36  memcpya.o(.text)
    __aeabi_memcpy4                          0x0800030d   Thumb Code     0  memcpya.o(.text)
    __aeabi_memcpy8                          0x0800030d   Thumb Code     0  memcpya.o(.text)
    __aeabi_memset                           0x08000331   Thumb Code    14  memseta.o(.text)
    __aeabi_memset4                          0x08000331   Thumb Code     0  memseta.o(.text)
    __aeabi_memset8                          0x08000331   Thumb Code     0  memseta.o(.text)
    __aeabi_memclr                           0x0800033f   Thumb Code     4  memseta.o(.text)
    __aeabi_memclr4                          0x0800033f   Thumb Code     0  memseta.o(.text)
    __aeabi_memclr8                          0x0800033f   Thumb Code     0  memseta.o(.text)
    memset                                   0x08000343   Thumb Code    18  memseta.o(.text)
    __aeabi_llsl                             0x08000355   Thumb Code    30  llshl.o(.text)
    _ll_shift_l                              0x08000355   Thumb Code     0  llshl.o(.text)
    __aeabi_llsr                             0x08000373   Thumb Code    32  llushr.o(.text)
    _ll_ushift_r                             0x08000373   Thumb Code     0  llushr.o(.text)
    __scatterload                            0x08000395   Thumb Code    28  init.o(.text)
    __scatterload_rt2                        0x08000395   Thumb Code     0  init.o(.text)
    BusFault_Handler                         0x080003b9   Thumb Code     2  stm32l4xx_it.o(i.BusFault_Handler)
    DebugMon_Handler                         0x080003bb   Thumb Code     2  stm32l4xx_it.o(i.DebugMon_Handler)
    HAL_DMA_Abort_IT                         0x080003bd   Thumb Code    78  stm32l4xx_hal_dma.o(i.HAL_DMA_Abort_IT)
    HAL_GPIO_Init                            0x0800040d   Thumb Code   392  stm32l4xx_hal_gpio.o(i.HAL_GPIO_Init)
    HAL_GPIO_TogglePin                       0x080005af   Thumb Code    14  stm32l4xx_hal_gpio.o(i.HAL_GPIO_TogglePin)
    HAL_GPIO_WritePin                        0x080005bd   Thumb Code    10  stm32l4xx_hal_gpio.o(i.HAL_GPIO_WritePin)
    HAL_GetTick                              0x080005c9   Thumb Code     6  stm32l4xx_hal.o(i.HAL_GetTick)
    HAL_IncTick                              0x080005d5   Thumb Code    12  stm32l4xx_hal.o(i.HAL_IncTick)
    HAL_Init                                 0x080005e5   Thumb Code    30  stm32l4xx_hal.o(i.HAL_Init)
    HAL_InitTick                             0x08000605   Thumb Code    98  stm32l4xx_hal_timebase_tim.o(i.HAL_InitTick)
    HAL_MspInit                              0x08000679   Thumb Code    48  stm32l4xx_hal_msp.o(i.HAL_MspInit)
    HAL_NVIC_EnableIRQ                       0x080006ad   Thumb Code    26  stm32l4xx_hal_cortex.o(i.HAL_NVIC_EnableIRQ)
    HAL_NVIC_SetPriority                     0x080006c9   Thumb Code    60  stm32l4xx_hal_cortex.o(i.HAL_NVIC_SetPriority)
    HAL_NVIC_SetPriorityGrouping             0x08000709   Thumb Code    26  stm32l4xx_hal_cortex.o(i.HAL_NVIC_SetPriorityGrouping)
    HAL_PWREx_ControlVoltageScaling          0x0800072d   Thumb Code    90  stm32l4xx_hal_pwr_ex.o(i.HAL_PWREx_ControlVoltageScaling)
    HAL_PWREx_GetVoltageRange                0x08000795   Thumb Code    10  stm32l4xx_hal_pwr_ex.o(i.HAL_PWREx_GetVoltageRange)
    HAL_RCCEx_PeriphCLKConfig                0x080007a5   Thumb Code   634  stm32l4xx_hal_rcc_ex.o(i.HAL_RCCEx_PeriphCLKConfig)
    HAL_RCC_ClockConfig                      0x08000a31   Thumb Code   266  stm32l4xx_hal_rcc.o(i.HAL_RCC_ClockConfig)
    HAL_RCC_GetClockConfig                   0x08000b51   Thumb Code    54  stm32l4xx_hal_rcc.o(i.HAL_RCC_GetClockConfig)
    HAL_RCC_GetPCLK1Freq                     0x08000b91   Thumb Code    24  stm32l4xx_hal_rcc.o(i.HAL_RCC_GetPCLK1Freq)
    HAL_RCC_GetPCLK2Freq                     0x08000bb5   Thumb Code    24  stm32l4xx_hal_rcc.o(i.HAL_RCC_GetPCLK2Freq)
    HAL_RCC_GetSysClockFreq                  0x08000bd9   Thumb Code   150  stm32l4xx_hal_rcc.o(i.HAL_RCC_GetSysClockFreq)
    HAL_RCC_OscConfig                        0x08000c7d   Thumb Code  1382  stm32l4xx_hal_rcc.o(i.HAL_RCC_OscConfig)
    HAL_TIMEx_Break2Callback                 0x080011e9   Thumb Code     2  stm32l4xx_hal_tim_ex.o(i.HAL_TIMEx_Break2Callback)
    HAL_TIMEx_BreakCallback                  0x080011eb   Thumb Code     2  stm32l4xx_hal_tim_ex.o(i.HAL_TIMEx_BreakCallback)
    HAL_TIMEx_CommutCallback                 0x080011ed   Thumb Code     2  stm32l4xx_hal_tim_ex.o(i.HAL_TIMEx_CommutCallback)
    HAL_TIM_Base_Init                        0x080011ef   Thumb Code    54  stm32l4xx_hal_tim.o(i.HAL_TIM_Base_Init)
    HAL_TIM_Base_MspInit                     0x08001225   Thumb Code     2  stm32l4xx_hal_tim.o(i.HAL_TIM_Base_MspInit)
    HAL_TIM_Base_Start_IT                    0x08001229   Thumb Code    40  stm32l4xx_hal_tim.o(i.HAL_TIM_Base_Start_IT)
    HAL_TIM_IC_CaptureCallback               0x08001255   Thumb Code     2  stm32l4xx_hal_tim.o(i.HAL_TIM_IC_CaptureCallback)
    HAL_TIM_IRQHandler                       0x08001257   Thumb Code   388  stm32l4xx_hal_tim.o(i.HAL_TIM_IRQHandler)
    HAL_TIM_OC_DelayElapsedCallback          0x080013db   Thumb Code     2  stm32l4xx_hal_tim.o(i.HAL_TIM_OC_DelayElapsedCallback)
    HAL_TIM_PWM_PulseFinishedCallback        0x080013dd   Thumb Code     2  stm32l4xx_hal_tim.o(i.HAL_TIM_PWM_PulseFinishedCallback)
    HAL_TIM_PeriodElapsedCallback            0x080013e1   Thumb Code    14  main.o(i.HAL_TIM_PeriodElapsedCallback)
    HAL_TIM_TriggerCallback                  0x080013f5   Thumb Code     2  stm32l4xx_hal_tim.o(i.HAL_TIM_TriggerCallback)
    HAL_UARTEx_WakeupCallback                0x080013f7   Thumb Code     2  stm32l4xx_hal_uart_ex.o(i.HAL_UARTEx_WakeupCallback)
    HAL_UART_ErrorCallback                   0x080013f9   Thumb Code     2  stm32l4xx_hal_uart.o(i.HAL_UART_ErrorCallback)
    HAL_UART_IRQHandler                      0x080013fd   Thumb Code   348  stm32l4xx_hal_uart.o(i.HAL_UART_IRQHandler)
    HAL_UART_Init                            0x0800155d   Thumb Code   102  stm32l4xx_hal_uart.o(i.HAL_UART_Init)
    HAL_UART_MspInit                         0x080015c5   Thumb Code   108  stm32l4xx_hal_msp.o(i.HAL_UART_MspInit)
    HAL_UART_Receive                         0x08001639   Thumb Code   238  stm32l4xx_hal_uart.o(i.HAL_UART_Receive)
    HAL_UART_Transmit                        0x0800172d   Thumb Code   182  stm32l4xx_hal_uart.o(i.HAL_UART_Transmit)
    HAL_UART_TxCpltCallback                  0x080017e3   Thumb Code     2  stm32l4xx_hal_uart.o(i.HAL_UART_TxCpltCallback)
    HardFault_Handler                        0x080017e5   Thumb Code     2  stm32l4xx_it.o(i.HardFault_Handler)
    MemManage_Handler                        0x08001815   Thumb Code     2  stm32l4xx_it.o(i.MemManage_Handler)
    NMI_Handler                              0x08001817   Thumb Code     2  stm32l4xx_it.o(i.NMI_Handler)
    StartTask01                              0x080019c1   Thumb Code    20  main.o(i.StartTask01)
    StartTask02                              0x080019dd   Thumb Code    56  main.o(i.StartTask02)
    StartTask03                              0x08001a1d   Thumb Code     2  main.o(i.StartTask03)
    SysTick_Handler                          0x08001a21   Thumb Code    38  port.o(i.SysTick_Handler)
    SystemClock_Config                       0x08001a4d   Thumb Code    92  main.o(i.SystemClock_Config)
    SystemInit                               0x08001aa9   Thumb Code    56  system_stm32l4xx.o(i.SystemInit)
    TIM1_UP_TIM16_IRQHandler                 0x08001aed   Thumb Code     6  stm32l4xx_it.o(i.TIM1_UP_TIM16_IRQHandler)
    TIM_Base_SetConfig                       0x08001af9   Thumb Code    94  stm32l4xx_hal_tim.o(i.TIM_Base_SetConfig)
    UART_AdvFeatureConfig                    0x08001b65   Thumb Code   200  stm32l4xx_hal_uart.o(i.UART_AdvFeatureConfig)
    UART_CheckIdleState                      0x08001c2d   Thumb Code    88  stm32l4xx_hal_uart.o(i.UART_CheckIdleState)
    UART_SetConfig                           0x08001cb9   Thumb Code   516  stm32l4xx_hal_uart.o(i.UART_SetConfig)
    UART_WaitOnFlagUntilTimeout              0x08001ee1   Thumb Code   164  stm32l4xx_hal_uart.o(i.UART_WaitOnFlagUntilTimeout)
    USART1_IRQHandler                        0x08001f85   Thumb Code    36  main.o(i.USART1_IRQHandler)
    UsageFault_Handler                       0x08001fb1   Thumb Code     2  stm32l4xx_it.o(i.UsageFault_Handler)
    __scatterload_copy                       0x08001fd3   Thumb Code    14  handlers.o(i.__scatterload_copy)
    __scatterload_null                       0x08001fe1   Thumb Code     2  handlers.o(i.__scatterload_null)
    __scatterload_zeroinit                   0x08001fe3   Thumb Code    14  handlers.o(i.__scatterload_zeroinit)
    main                                     0x08001ff1   Thumb Code   214  main.o(i.main)
    osDelay                                  0x080020e9   Thumb Code    46  cmsis_os2.o(i.osDelay)
    osKernelInitialize                       0x0800211d   Thumb Code    48  cmsis_os2.o(i.osKernelInitialize)
    osKernelStart                            0x08002151   Thumb Code    56  cmsis_os2.o(i.osKernelStart)
    osMessageQueueNew                        0x0800218d   Thumb Code   110  cmsis_os2.o(i.osMessageQueueNew)
    osThreadNew                              0x08002201   Thumb Code   158  cmsis_os2.o(i.osThreadNew)
    pvPortMalloc                             0x08002a3d   Thumb Code   210  heap_4.o(i.pvPortMalloc)
    pvTaskIncrementMutexHeldCount            0x08002b15   Thumb Code    18  tasks.o(i.pvTaskIncrementMutexHeldCount)
    pxPortInitialiseStack                    0x08002b2d   Thumb Code    40  port.o(i.pxPortInitialiseStack)
    uxListRemove                             0x08002b59   Thumb Code    38  list.o(i.uxListRemove)
    vApplicationGetIdleTaskMemory            0x08002b81   Thumb Code    16  cmsis_os2.o(i.vApplicationGetIdleTaskMemory)
    vApplicationGetTimerTaskMemory           0x08002b95   Thumb Code    18  cmsis_os2.o(i.vApplicationGetTimerTaskMemory)
    vListInitialise                          0x08002bad   Thumb Code    22  list.o(i.vListInitialise)
    vListInitialiseItem                      0x08002bc3   Thumb Code     6  list.o(i.vListInitialiseItem)
    vListInsert                              0x08002bc9   Thumb Code    48  list.o(i.vListInsert)
    vListInsertEnd                           0x08002bf9   Thumb Code    24  list.o(i.vListInsertEnd)
    vPortEnterCritical                       0x08002c11   Thumb Code    54  port.o(i.vPortEnterCritical)
    vPortExitCritical                        0x08002c51   Thumb Code    34  port.o(i.vPortExitCritical)
    vPortFree                                0x08002c79   Thumb Code    88  heap_4.o(i.vPortFree)
    vPortSetupTimerInterrupt                 0x08002cd5   Thumb Code    32  port.o(i.vPortSetupTimerInterrupt)
    vPortValidateInterruptPriority           0x08002cf9   Thumb Code    74  port.o(i.vPortValidateInterruptPriority)
    vQueueAddToRegistry                      0x08002d4d   Thumb Code    34  queue.o(i.vQueueAddToRegistry)
    vQueueWaitForMessageRestricted           0x08002d75   Thumb Code    68  queue.o(i.vQueueWaitForMessageRestricted)
    vTaskDelay                               0x08002db9   Thumb Code    66  tasks.o(i.vTaskDelay)
    vTaskInternalSetTimeOutState             0x08002e05   Thumb Code    12  tasks.o(i.vTaskInternalSetTimeOutState)
    vTaskMissedYield                         0x08002e15   Thumb Code     8  tasks.o(i.vTaskMissedYield)
    vTaskPlaceOnEventList                    0x08002e21   Thumb Code    44  tasks.o(i.vTaskPlaceOnEventList)
    vTaskPlaceOnEventListRestricted          0x08002e51   Thumb Code    52  tasks.o(i.vTaskPlaceOnEventListRestricted)
    vTaskPriorityDisinheritAfterTimeout      0x08002e89   Thumb Code   134  tasks.o(i.vTaskPriorityDisinheritAfterTimeout)
    vTaskStartScheduler                      0x08002f19   Thumb Code   118  tasks.o(i.vTaskStartScheduler)
    vTaskSuspendAll                          0x08002fa1   Thumb Code    10  tasks.o(i.vTaskSuspendAll)
    vTaskSwitchContext                       0x08002fb1   Thumb Code    90  tasks.o(i.vTaskSwitchContext)
    xPortStartScheduler                      0x08003015   Thumb Code   222  port.o(i.xPortStartScheduler)
    xQueueGenericCreate                      0x08003109   Thumb Code    72  queue.o(i.xQueueGenericCreate)
    xQueueGenericCreateStatic                0x08003151   Thumb Code   102  queue.o(i.xQueueGenericCreateStatic)
    xQueueGenericReset                       0x080031b9   Thumb Code   132  queue.o(i.xQueueGenericReset)
    xQueueGenericSend                        0x08003241   Thumb Code   346  queue.o(i.xQueueGenericSend)
    xQueueGenericSendFromISR                 0x080033a1   Thumb Code   188  queue.o(i.xQueueGenericSendFromISR)
    xQueueGiveFromISR                        0x0800345d   Thumb Code   156  queue.o(i.xQueueGiveFromISR)
    xQueueReceive                            0x080034f9   Thumb Code   308  queue.o(i.xQueueReceive)
    xQueueSemaphoreTake                      0x08003631   Thumb Code   372  queue.o(i.xQueueSemaphoreTake)
    xTaskCheckForTimeOut                     0x080037a9   Thumb Code   112  tasks.o(i.xTaskCheckForTimeOut)
    xTaskCreate                              0x0800381d   Thumb Code    90  tasks.o(i.xTaskCreate)
    xTaskCreateStatic                        0x0800387d   Thumb Code    86  tasks.o(i.xTaskCreateStatic)
    xTaskGetSchedulerState                   0x080038d5   Thumb Code    22  tasks.o(i.xTaskGetSchedulerState)
    xTaskGetTickCount                        0x080038f1   Thumb Code     6  tasks.o(i.xTaskGetTickCount)
    xTaskIncrementTick                       0x080038fd   Thumb Code   190  tasks.o(i.xTaskIncrementTick)
    xTaskPriorityDisinherit                  0x080039c5   Thumb Code   118  tasks.o(i.xTaskPriorityDisinherit)
    xTaskPriorityInherit                     0x08003a45   Thumb Code   112  tasks.o(i.xTaskPriorityInherit)
    xTaskRemoveFromEventList                 0x08003abd   Thumb Code    98  tasks.o(i.xTaskRemoveFromEventList)
    xTaskResumeAll                           0x08003b2d   Thumb Code   182  tasks.o(i.xTaskResumeAll)
    xTimerCreateTimerTask                    0x08003bf1   Thumb Code    78  timers.o(i.xTimerCreateTimerTask)
    xTimerGenericCommand                     0x08003c51   Thumb Code    98  timers.o(i.xTimerGenericCommand)
    Task1_Evaluate_attributes                0x08003cb8   Data          36  main.o(.constdata)
    Task2_UARTSend_attributes                0x08003cdc   Data          36  main.o(.constdata)
    Task3_UARTRecei_attributes               0x08003d00   Data          36  main.o(.constdata)
    RQ_attributes                            0x08003d24   Data          24  main.o(.constdata)
    SQ_attributes                            0x08003d3c   Data          24  main.o(.constdata)
    AHBPrescTable                            0x08003d54   Data          16  system_stm32l4xx.o(.constdata)
    MSIRangeTable                            0x08003d64   Data          48  system_stm32l4xx.o(.constdata)
    APBPrescTable                            0x08003d94   Data           8  system_stm32l4xx.o(.constdata)
    Region$$Table$$Base                      0x08003dd4   Number         0  anon$$obj.o(Region$$Table)
    Region$$Table$$Limit                     0x08003df4   Number         0  anon$$obj.o(Region$$Table)
    receiveBuffer                            0x20000000   Data           1  main.o(.data)
    Task1_EvaluateHandle                     0x20000004   Data           4  main.o(.data)
    Task2_UARTSendHandle                     0x20000008   Data           4  main.o(.data)
    Task3_UARTReceiHandle                    0x2000000c   Data           4  main.o(.data)
    RQHandle                                 0x20000010   Data           4  main.o(.data)
    SQHandle                                 0x20000014   Data           4  main.o(.data)
    UARTSemHandle                            0x20000018   Data           4  main.o(.data)
    uwTickPrio                               0x2000001c   Data           4  stm32l4xx_hal.o(.data)
    uwTickFreq                               0x20000020   Data           4  stm32l4xx_hal.o(.data)
    uwTick                                   0x20000024   Data           4  stm32l4xx_hal.o(.data)
    SystemCoreClock                          0x20000028   Data           4  system_stm32l4xx.o(.data)
    pxCurrentTCB                             0x2000002c   Data           4  tasks.o(.data)
    huart1                                   0x200000a4   Data         128  main.o(.bss)
    htim1                                    0x20000124   Data          64  stm32l4xx_hal_timebase_tim.o(.bss)
    xQueueRegistry                           0x20000164   Data          64  queue.o(.bss)
    __initial_sp                             0x20001df0   Data           0  startup_stm32l432xx.o(STACK)



==============================================================================

Memory Map of the image

  Image Entry point : 0x0800018d

  Load Region LR_IROM1 (Base: 0x08000000, Size: 0x00003e98, Max: 0x00040000, ABSOLUTE)

    Execution Region ER_IROM1 (Exec base: 0x08000000, Load base: 0x08000000, Size: 0x00003df4, Max: 0x00040000, ABSOLUTE)

    Exec Addr    Load Addr    Size         Type   Attr      Idx    E Section Name        Object

    0x08000000   0x08000000   0x0000018c   Data   RO            3    RESET               startup_stm32l432xx.o
    0x0800018c   0x0800018c   0x00000000   Code   RO         5416  * .ARM.Collect$$$$00000000  mc_w.l(entry.o)
    0x0800018c   0x0800018c   0x00000004   Code   RO         5429    .ARM.Collect$$$$00000001  mc_w.l(entry2.o)
    0x08000190   0x08000190   0x00000004   Code   RO         5432    .ARM.Collect$$$$00000004  mc_w.l(entry5.o)
    0x08000194   0x08000194   0x00000000   Code   RO         5434    .ARM.Collect$$$$00000008  mc_w.l(entry7b.o)
    0x08000194   0x08000194   0x00000000   Code   RO         5436    .ARM.Collect$$$$0000000A  mc_w.l(entry8b.o)
    0x08000194   0x08000194   0x00000008   Code   RO         5437    .ARM.Collect$$$$0000000B  mc_w.l(entry9a.o)
    0x0800019c   0x0800019c   0x00000000   Code   RO         5439    .ARM.Collect$$$$0000000D  mc_w.l(entry10a.o)
    0x0800019c   0x0800019c   0x00000000   Code   RO         5441    .ARM.Collect$$$$0000000F  mc_w.l(entry11a.o)
    0x0800019c   0x0800019c   0x00000004   Code   RO         5430    .ARM.Collect$$$$00002712  mc_w.l(entry2.o)
    0x080001a0   0x080001a0   0x000000de   Code   RO         5339    .emb_text           port.o
    0x0800027e   0x0800027e   0x00000002   PAD
    0x08000280   0x08000280   0x00000024   Code   RO            4    .text               startup_stm32l432xx.o
    0x080002a4   0x080002a4   0x00000068   Code   RO         5419    .text               mc_w.l(uldiv.o)
    0x0800030c   0x0800030c   0x00000024   Code   RO         5421    .text               mc_w.l(memcpya.o)
    0x08000330   0x08000330   0x00000024   Code   RO         5425    .text               mc_w.l(memseta.o)
    0x08000354   0x08000354   0x0000001e   Code   RO         5443    .text               mc_w.l(llshl.o)
    0x08000372   0x08000372   0x00000020   Code   RO         5445    .text               mc_w.l(llushr.o)
    0x08000392   0x08000392   0x00000002   PAD
    0x08000394   0x08000394   0x00000024   Code   RO         5447    .text               mc_w.l(init.o)
    0x080003b8   0x080003b8   0x00000002   Code   RO          274    i.BusFault_Handler  stm32l4xx_it.o
    0x080003ba   0x080003ba   0x00000002   Code   RO          275    i.DebugMon_Handler  stm32l4xx_it.o
    0x080003bc   0x080003bc   0x0000004e   Code   RO         1688    i.HAL_DMA_Abort_IT  stm32l4xx_hal_dma.o
    0x0800040a   0x0800040a   0x00000002   PAD
    0x0800040c   0x0800040c   0x000001a2   Code   RO         1623    i.HAL_GPIO_Init     stm32l4xx_hal_gpio.o
    0x080005ae   0x080005ae   0x0000000e   Code   RO         1626    i.HAL_GPIO_TogglePin  stm32l4xx_hal_gpio.o
    0x080005bc   0x080005bc   0x0000000a   Code   RO         1627    i.HAL_GPIO_WritePin  stm32l4xx_hal_gpio.o
    0x080005c6   0x080005c6   0x00000002   PAD
    0x080005c8   0x080005c8   0x0000000c   Code   RO          424    i.HAL_GetTick       stm32l4xx_hal.o
    0x080005d4   0x080005d4   0x00000010   Code   RO          430    i.HAL_IncTick       stm32l4xx_hal.o
    0x080005e4   0x080005e4   0x0000001e   Code   RO          431    i.HAL_Init          stm32l4xx_hal.o
    0x08000602   0x08000602   0x00000002   PAD
    0x08000604   0x08000604   0x00000074   Code   RO          374    i.HAL_InitTick      stm32l4xx_hal_timebase_tim.o
    0x08000678   0x08000678   0x00000034   Code   RO          338    i.HAL_MspInit       stm32l4xx_hal_msp.o
    0x080006ac   0x080006ac   0x0000001a   Code   RO         2140    i.HAL_NVIC_EnableIRQ  stm32l4xx_hal_cortex.o
    0x080006c6   0x080006c6   0x00000002   PAD
    0x080006c8   0x080006c8   0x00000040   Code   RO         2146    i.HAL_NVIC_SetPriority  stm32l4xx_hal_cortex.o
    0x08000708   0x08000708   0x00000024   Code   RO         2147    i.HAL_NVIC_SetPriorityGrouping  stm32l4xx_hal_cortex.o
    0x0800072c   0x0800072c   0x00000068   Code   RO         1914    i.HAL_PWREx_ControlVoltageScaling  stm32l4xx_hal_pwr_ex.o
    0x08000794   0x08000794   0x00000010   Code   RO         1941    i.HAL_PWREx_GetVoltageRange  stm32l4xx_hal_pwr_ex.o
    0x080007a4   0x080007a4   0x0000028a   Code   RO         1256    i.HAL_RCCEx_PeriphCLKConfig  stm32l4xx_hal_rcc_ex.o
    0x08000a2e   0x08000a2e   0x00000002   PAD
    0x08000a30   0x08000a30   0x00000120   Code   RO         1134    i.HAL_RCC_ClockConfig  stm32l4xx_hal_rcc.o
    0x08000b50   0x08000b50   0x00000040   Code   RO         1137    i.HAL_RCC_GetClockConfig  stm32l4xx_hal_rcc.o
    0x08000b90   0x08000b90   0x00000024   Code   RO         1140    i.HAL_RCC_GetPCLK1Freq  stm32l4xx_hal_rcc.o
    0x08000bb4   0x08000bb4   0x00000024   Code   RO         1141    i.HAL_RCC_GetPCLK2Freq  stm32l4xx_hal_rcc.o
    0x08000bd8   0x08000bd8   0x000000a4   Code   RO         1142    i.HAL_RCC_GetSysClockFreq  stm32l4xx_hal_rcc.o
    0x08000c7c   0x08000c7c   0x0000056c   Code   RO         1145    i.HAL_RCC_OscConfig  stm32l4xx_hal_rcc.o
    0x080011e8   0x080011e8   0x00000002   Code   RO         3029    i.HAL_TIMEx_Break2Callback  stm32l4xx_hal_tim_ex.o
    0x080011ea   0x080011ea   0x00000002   Code   RO         3030    i.HAL_TIMEx_BreakCallback  stm32l4xx_hal_tim_ex.o
    0x080011ec   0x080011ec   0x00000002   Code   RO         3031    i.HAL_TIMEx_CommutCallback  stm32l4xx_hal_tim_ex.o
    0x080011ee   0x080011ee   0x00000036   Code   RO         2344    i.HAL_TIM_Base_Init  stm32l4xx_hal_tim.o
    0x08001224   0x08001224   0x00000002   Code   RO         2346    i.HAL_TIM_Base_MspInit  stm32l4xx_hal_tim.o
    0x08001226   0x08001226   0x00000002   PAD
    0x08001228   0x08001228   0x0000002c   Code   RO         2349    i.HAL_TIM_Base_Start_IT  stm32l4xx_hal_tim.o
    0x08001254   0x08001254   0x00000002   Code   RO         2373    i.HAL_TIM_IC_CaptureCallback  stm32l4xx_hal_tim.o
    0x08001256   0x08001256   0x00000184   Code   RO         2387    i.HAL_TIM_IRQHandler  stm32l4xx_hal_tim.o
    0x080013da   0x080013da   0x00000002   Code   RO         2390    i.HAL_TIM_OC_DelayElapsedCallback  stm32l4xx_hal_tim.o
    0x080013dc   0x080013dc   0x00000002   Code   RO         2417    i.HAL_TIM_PWM_PulseFinishedCallback  stm32l4xx_hal_tim.o
    0x080013de   0x080013de   0x00000002   PAD
    0x080013e0   0x080013e0   0x00000014   Code   RO           14    i.HAL_TIM_PeriodElapsedCallback  main.o
    0x080013f4   0x080013f4   0x00000002   Code   RO         2430    i.HAL_TIM_TriggerCallback  stm32l4xx_hal_tim.o
    0x080013f6   0x080013f6   0x00000002   Code   RO         3679    i.HAL_UARTEx_WakeupCallback  stm32l4xx_hal_uart_ex.o
    0x080013f8   0x080013f8   0x00000002   Code   RO         3322    i.HAL_UART_ErrorCallback  stm32l4xx_hal_uart.o
    0x080013fa   0x080013fa   0x00000002   PAD
    0x080013fc   0x080013fc   0x00000160   Code   RO         3325    i.HAL_UART_IRQHandler  stm32l4xx_hal_uart.o
    0x0800155c   0x0800155c   0x00000066   Code   RO         3326    i.HAL_UART_Init     stm32l4xx_hal_uart.o
    0x080015c2   0x080015c2   0x00000002   PAD
    0x080015c4   0x080015c4   0x00000074   Code   RO          340    i.HAL_UART_MspInit  stm32l4xx_hal_msp.o
    0x08001638   0x08001638   0x000000f4   Code   RO         3329    i.HAL_UART_Receive  stm32l4xx_hal_uart.o
    0x0800172c   0x0800172c   0x000000b6   Code   RO         3335    i.HAL_UART_Transmit  stm32l4xx_hal_uart.o
    0x080017e2   0x080017e2   0x00000002   Code   RO         3338    i.HAL_UART_TxCpltCallback  stm32l4xx_hal_uart.o
    0x080017e4   0x080017e4   0x00000002   Code   RO          276    i.HardFault_Handler  stm32l4xx_it.o
    0x080017e6   0x080017e6   0x00000002   PAD
    0x080017e8   0x080017e8   0x0000002c   Code   RO           15    i.MX_USART1_UART_Init  main.o
    0x08001814   0x08001814   0x00000002   Code   RO          277    i.MemManage_Handler  stm32l4xx_it.o
    0x08001816   0x08001816   0x00000002   Code   RO          278    i.NMI_Handler       stm32l4xx_it.o
    0x08001818   0x08001818   0x0000012c   Code   RO         1260    i.RCCEx_PLLSAI1_Config  stm32l4xx_hal_rcc_ex.o
    0x08001944   0x08001944   0x0000007c   Code   RO         1146    i.RCC_SetFlashLatencyFromMSIRange  stm32l4xx_hal_rcc.o
    0x080019c0   0x080019c0   0x0000001c   Code   RO           16    i.StartTask01       main.o
    0x080019dc   0x080019dc   0x00000040   Code   RO           17    i.StartTask02       main.o
    0x08001a1c   0x08001a1c   0x00000002   Code   RO           18    i.StartTask03       main.o
    0x08001a1e   0x08001a1e   0x00000002   PAD
    0x08001a20   0x08001a20   0x0000002c   Code   RO         5340    i.SysTick_Handler   port.o
    0x08001a4c   0x08001a4c   0x0000005c   Code   RO           19    i.SystemClock_Config  main.o
    0x08001aa8   0x08001aa8   0x00000044   Code   RO         3739    i.SystemInit        system_stm32l4xx.o
    0x08001aec   0x08001aec   0x0000000c   Code   RO          279    i.TIM1_UP_TIM16_IRQHandler  stm32l4xx_it.o
    0x08001af8   0x08001af8   0x0000006c   Code   RO         2432    i.TIM_Base_SetConfig  stm32l4xx_hal_tim.o
    0x08001b64   0x08001b64   0x000000c8   Code   RO         3340    i.UART_AdvFeatureConfig  stm32l4xx_hal_uart.o
    0x08001c2c   0x08001c2c   0x00000058   Code   RO         3341    i.UART_CheckIdleState  stm32l4xx_hal_uart.o
    0x08001c84   0x08001c84   0x00000014   Code   RO         3342    i.UART_DMAAbortOnError  stm32l4xx_hal_uart.o
    0x08001c98   0x08001c98   0x0000001e   Code   RO         3352    i.UART_EndRxTransfer  stm32l4xx_hal_uart.o
    0x08001cb6   0x08001cb6   0x00000002   PAD
    0x08001cb8   0x08001cb8   0x00000228   Code   RO         3356    i.UART_SetConfig    stm32l4xx_hal_uart.o
    0x08001ee0   0x08001ee0   0x000000a4   Code   RO         3359    i.UART_WaitOnFlagUntilTimeout  stm32l4xx_hal_uart.o
    0x08001f84   0x08001f84   0x0000002c   Code   RO           20    i.USART1_IRQHandler  main.o
    0x08001fb0   0x08001fb0   0x00000002   Code   RO          280    i.UsageFault_Handler  stm32l4xx_it.o
    0x08001fb2   0x08001fb2   0x00000020   Code   RO         2153    i.__NVIC_SetPriority  stm32l4xx_hal_cortex.o
    0x08001fd2   0x08001fd2   0x0000000e   Code   RO         5451    i.__scatterload_copy  mc_w.l(handlers.o)
    0x08001fe0   0x08001fe0   0x00000002   Code   RO         5452    i.__scatterload_null  mc_w.l(handlers.o)
    0x08001fe2   0x08001fe2   0x0000000e   Code   RO         5453    i.__scatterload_zeroinit  mc_w.l(handlers.o)
    0x08001ff0   0x08001ff0   0x000000f8   Code   RO           21    i.main              main.o
    0x080020e8   0x080020e8   0x00000034   Code   RO         4863    i.osDelay           cmsis_os2.o
    0x0800211c   0x0800211c   0x00000034   Code   RO         4877    i.osKernelInitialize  cmsis_os2.o
    0x08002150   0x08002150   0x0000003c   Code   RO         4880    i.osKernelStart     cmsis_os2.o
    0x0800218c   0x0800218c   0x00000074   Code   RO         4888    i.osMessageQueueNew  cmsis_os2.o
    0x08002200   0x08002200   0x000000a4   Code   RO         4913    i.osThreadNew       cmsis_os2.o
    0x080022a4   0x080022a4   0x0000005c   Code   RO         4347    i.prvAddCurrentTaskToDelayedList  tasks.o
    0x08002300   0x08002300   0x000000d0   Code   RO         4348    i.prvAddNewTaskToReadyList  tasks.o
    0x080023d0   0x080023d0   0x00000058   Code   RO         4700    i.prvCheckForValidListAndQueue  timers.o
    0x08002428   0x08002428   0x00000026   Code   RO         3944    i.prvCopyDataFromQueue  queue.o
    0x0800244e   0x0800244e   0x0000006c   Code   RO         3945    i.prvCopyDataToQueue  queue.o
    0x080024ba   0x080024ba   0x00000034   Code   RO         4349    i.prvDeleteTCB      tasks.o
    0x080024ee   0x080024ee   0x00000002   PAD
    0x080024f0   0x080024f0   0x00000048   Code   RO         5290    i.prvHeapInit       heap_4.o
    0x08002538   0x08002538   0x00000060   Code   RO         4350    i.prvIdleTask       tasks.o
    0x08002598   0x08002598   0x00000022   Code   RO         3947    i.prvInitialiseNewQueue  queue.o
    0x080025ba   0x080025ba   0x00000002   PAD
    0x080025bc   0x080025bc   0x000000b6   Code   RO         4351    i.prvInitialiseNewTask  tasks.o
    0x08002672   0x08002672   0x00000002   PAD
    0x08002674   0x08002674   0x0000004c   Code   RO         5291    i.prvInsertBlockIntoFreeList  heap_4.o
    0x080026c0   0x080026c0   0x00000038   Code   RO         4702    i.prvInsertTimerInActiveList  timers.o
    0x080026f8   0x080026f8   0x0000001c   Code   RO         3948    i.prvIsQueueEmpty   queue.o
    0x08002714   0x08002714   0x000000fc   Code   RO         4703    i.prvProcessReceivedCommands  timers.o
    0x08002810   0x08002810   0x000000c0   Code   RO         4704    i.prvProcessTimerOrBlockTask  timers.o
    0x080028d0   0x080028d0   0x00000020   Code   RO         4353    i.prvResetNextTaskUnblockTime  tasks.o
    0x080028f0   0x080028f0   0x00000028   Code   RO         4705    i.prvSampleTimeNow  timers.o
    0x08002918   0x08002918   0x0000006c   Code   RO         4706    i.prvSwitchTimerLists  timers.o
    0x08002984   0x08002984   0x00000028   Code   RO         5341    i.prvTaskExitError  port.o
    0x080029ac   0x080029ac   0x00000024   Code   RO         4707    i.prvTimerTask      timers.o
    0x080029d0   0x080029d0   0x0000006a   Code   RO         3949    i.prvUnlockQueue    queue.o
    0x08002a3a   0x08002a3a   0x00000002   PAD
    0x08002a3c   0x08002a3c   0x000000d8   Code   RO         5292    i.pvPortMalloc      heap_4.o
    0x08002b14   0x08002b14   0x00000018   Code   RO         4356    i.pvTaskIncrementMutexHeldCount  tasks.o
    0x08002b2c   0x08002b2c   0x0000002c   Code   RO         5342    i.pxPortInitialiseStack  port.o
    0x08002b58   0x08002b58   0x00000026   Code   RO         3904    i.uxListRemove      list.o
    0x08002b7e   0x08002b7e   0x00000002   PAD
    0x08002b80   0x08002b80   0x00000014   Code   RO         4925    i.vApplicationGetIdleTaskMemory  cmsis_os2.o
    0x08002b94   0x08002b94   0x00000018   Code   RO         4926    i.vApplicationGetTimerTaskMemory  cmsis_os2.o
    0x08002bac   0x08002bac   0x00000016   Code   RO         3905    i.vListInitialise   list.o
    0x08002bc2   0x08002bc2   0x00000006   Code   RO         3906    i.vListInitialiseItem  list.o
    0x08002bc8   0x08002bc8   0x00000030   Code   RO         3907    i.vListInsert       list.o
    0x08002bf8   0x08002bf8   0x00000018   Code   RO         3908    i.vListInsertEnd    list.o
    0x08002c10   0x08002c10   0x00000040   Code   RO         5344    i.vPortEnterCritical  port.o
    0x08002c50   0x08002c50   0x00000028   Code   RO         5345    i.vPortExitCritical  port.o
    0x08002c78   0x08002c78   0x0000005c   Code   RO         5293    i.vPortFree         heap_4.o
    0x08002cd4   0x08002cd4   0x00000024   Code   RO         5346    i.vPortSetupTimerInterrupt  port.o
    0x08002cf8   0x08002cf8   0x00000054   Code   RO         5347    i.vPortValidateInterruptPriority  port.o
    0x08002d4c   0x08002d4c   0x00000028   Code   RO         3955    i.vQueueAddToRegistry  queue.o
    0x08002d74   0x08002d74   0x00000044   Code   RO         3959    i.vQueueWaitForMessageRestricted  queue.o
    0x08002db8   0x08002db8   0x0000004c   Code   RO         4365    i.vTaskDelay        tasks.o
    0x08002e04   0x08002e04   0x00000010   Code   RO         4370    i.vTaskInternalSetTimeOutState  tasks.o
    0x08002e14   0x08002e14   0x0000000c   Code   RO         4371    i.vTaskMissedYield  tasks.o
    0x08002e20   0x08002e20   0x00000030   Code   RO         4373    i.vTaskPlaceOnEventList  tasks.o
    0x08002e50   0x08002e50   0x00000038   Code   RO         4374    i.vTaskPlaceOnEventListRestricted  tasks.o
    0x08002e88   0x08002e88   0x00000090   Code   RO         4376    i.vTaskPriorityDisinheritAfterTimeout  tasks.o
    0x08002f18   0x08002f18   0x00000088   Code   RO         4382    i.vTaskStartScheduler  tasks.o
    0x08002fa0   0x08002fa0   0x00000010   Code   RO         4384    i.vTaskSuspendAll   tasks.o
    0x08002fb0   0x08002fb0   0x00000064   Code   RO         4385    i.vTaskSwitchContext  tasks.o
    0x08003014   0x08003014   0x000000f4   Code   RO         5348    i.xPortStartScheduler  port.o
    0x08003108   0x08003108   0x00000048   Code   RO         3964    i.xQueueGenericCreate  queue.o
    0x08003150   0x08003150   0x00000066   Code   RO         3965    i.xQueueGenericCreateStatic  queue.o
    0x080031b6   0x080031b6   0x00000002   PAD
    0x080031b8   0x080031b8   0x00000088   Code   RO         3966    i.xQueueGenericReset  queue.o
    0x08003240   0x08003240   0x00000160   Code   RO         3967    i.xQueueGenericSend  queue.o
    0x080033a0   0x080033a0   0x000000bc   Code   RO         3968    i.xQueueGenericSendFromISR  queue.o
    0x0800345c   0x0800345c   0x0000009c   Code   RO         3971    i.xQueueGiveFromISR  queue.o
    0x080034f8   0x080034f8   0x00000138   Code   RO         3977    i.xQueueReceive     queue.o
    0x08003630   0x08003630   0x00000178   Code   RO         3979    i.xQueueSemaphoreTake  queue.o
    0x080037a8   0x080037a8   0x00000074   Code   RO         4386    i.xTaskCheckForTimeOut  tasks.o
    0x0800381c   0x0800381c   0x00000060   Code   RO         4387    i.xTaskCreate       tasks.o
    0x0800387c   0x0800387c   0x00000056   Code   RO         4388    i.xTaskCreateStatic  tasks.o
    0x080038d2   0x080038d2   0x00000002   PAD
    0x080038d4   0x080038d4   0x0000001c   Code   RO         4392    i.xTaskGetSchedulerState  tasks.o
    0x080038f0   0x080038f0   0x0000000c   Code   RO         4393    i.xTaskGetTickCount  tasks.o
    0x080038fc   0x080038fc   0x000000c8   Code   RO         4395    i.xTaskIncrementTick  tasks.o
    0x080039c4   0x080039c4   0x00000080   Code   RO         4398    i.xTaskPriorityDisinherit  tasks.o
    0x08003a44   0x08003a44   0x00000078   Code   RO         4399    i.xTaskPriorityInherit  tasks.o
    0x08003abc   0x08003abc   0x00000070   Code   RO         4400    i.xTaskRemoveFromEventList  tasks.o
    0x08003b2c   0x08003b2c   0x000000c4   Code   RO         4401    i.xTaskResumeAll    tasks.o
    0x08003bf0   0x08003bf0   0x00000060   Code   RO         4715    i.xTimerCreateTimerTask  timers.o
    0x08003c50   0x08003c50   0x00000068   Code   RO         4716    i.xTimerGenericCommand  timers.o
    0x08003cb8   0x08003cb8   0x0000009c   Data   RO           23    .constdata          main.o
    0x08003d54   0x08003d54   0x00000040   Data   RO         3740    .constdata          system_stm32l4xx.o
    0x08003d94   0x08003d94   0x00000008   Data   RO         3741    .constdata          system_stm32l4xx.o
    0x08003d9c   0x08003d9c   0x00000038   Data   RO           25    .conststring        main.o
    0x08003dd4   0x08003dd4   0x00000020   Data   RO         5449    Region$$Table       anon$$obj.o


    Execution Region RW_IRAM1 (Exec base: 0x20000000, Load base: 0x08003df4, Size: 0x00001df0, Max: 0x00010000, ABSOLUTE)

    Exec Addr    Load Addr    Size         Type   Attr      Idx    E Section Name        Object

    0x20000000   0x08003df4   0x0000001c   Data   RW           27    .data               main.o
    0x2000001c   0x08003e10   0x0000000c   Data   RW          443    .data               stm32l4xx_hal.o
    0x20000028   0x08003e1c   0x00000004   Data   RW         3742    .data               system_stm32l4xx.o
    0x2000002c   0x08003e20   0x0000003c   Data   RW         4404    .data               tasks.o
    0x20000068   0x08003e5c   0x00000014   Data   RW         4724    .data               timers.o
    0x2000007c   0x08003e70   0x00000004   Data   RW         4928    .data               cmsis_os2.o
    0x20000080   0x08003e74   0x00000018   Data   RW         5298    .data               heap_4.o
    0x20000098   0x08003e8c   0x0000000c   Data   RW         5349    .data               port.o
    0x200000a4        -       0x00000080   Zero   RW           22    .bss                main.o
    0x20000124        -       0x00000040   Zero   RW          377    .bss                stm32l4xx_hal_timebase_tim.o
    0x20000164        -       0x00000040   Zero   RW         3981    .bss                queue.o
    0x200001a4        -       0x000004c4   Zero   RW         4403    .bss                tasks.o
    0x20000668        -       0x00000118   Zero   RW         4723    .bss                timers.o
    0x20000780        -       0x000006b8   Zero   RW         4927    .bss                cmsis_os2.o
    0x20000e38        -       0x00000bb8   Zero   RW         5297    .bss                heap_4.o
    0x200019f0        -       0x00000400   Zero   RW            1    STACK               startup_stm32l432xx.o


==============================================================================

Image component sizes


      Code (inc. data)   RO Data    RW Data    ZI Data      Debug   Object Name

       488         36          0          4       1720      32110   cmsis_os2.o
         0          0          0          0          0      18552   event_groups.o
       456         22          0         24       3000       5071   heap_4.o
       138          0          0          0          0       3846   list.o
       542         72        212         28        128     676931   main.o
       818         82          0         12          0      12185   port.o
      2116         24          0          0         64      22564   queue.o
        36          8        396          0       1024        884   startup_stm32l432xx.o
        58         10          0         12          0       3178   stm32l4xx_hal.o
       158         14          0          0          0      33406   stm32l4xx_hal_cortex.o
        78          0          0          0          0       1179   stm32l4xx_hal_dma.o
       442         20          0          0          0       3281   stm32l4xx_hal_gpio.o
       168         12          0          0          0       1713   stm32l4xx_hal_msp.o
       120         20          0          0          0       1466   stm32l4xx_hal_pwr_ex.o
      2100        108          0          0          0       8057   stm32l4xx_hal_rcc.o
       950         32          0          0          0       3044   stm32l4xx_hal_rcc_ex.o
       604         18          0          0          0       7732   stm32l4xx_hal_tim.o
         6          0          0          0          0       2364   stm32l4xx_hal_tim_ex.o
       116         18          0          0         64       1547   stm32l4xx_hal_timebase_tim.o
      1938         60          0          0          0      12101   stm32l4xx_hal_uart.o
         2          0          0          0          0       1104   stm32l4xx_hal_uart_ex.o
        24          6          0          0          0       3556   stm32l4xx_it.o
         0          0          0          0          0        392   stream_buffer.o
        68         12         72          4          0       1357   system_stm32l4xx.o
      2384        194          0         60       1220      30921   tasks.o
       972         80          0         20        280      30315   timers.o

    ----------------------------------------------------------------------
     14822        848        712        164       7500     918856   Object Totals
         0          0         32          0          0          0   (incl. Generated)
        40          0          0          0          0          0   (incl. Padding)

    ----------------------------------------------------------------------

      Code (inc. data)   RO Data    RW Data    ZI Data      Debug   Library Member Name

         0          0          0          0          0          0   entry.o
         0          0          0          0          0          0   entry10a.o
         0          0          0          0          0          0   entry11a.o
         8          4          0          0          0          0   entry2.o
         4          0          0          0          0          0   entry5.o
         0          0          0          0          0          0   entry7b.o
         0          0          0          0          0          0   entry8b.o
         8          4          0          0          0          0   entry9a.o
        30          0          0          0          0          0   handlers.o
        36          8          0          0          0         68   init.o
        30          0          0          0          0         68   llshl.o
        32          0          0          0          0         68   llushr.o
        36          0          0          0          0         68   memcpya.o
        36          0          0          0          0        108   memseta.o
       104          0          0          0          0         92   uldiv.o

    ----------------------------------------------------------------------
       326         16          0          0          0        472   Library Totals
         2          0          0          0          0          0   (incl. Padding)

    ----------------------------------------------------------------------

      Code (inc. data)   RO Data    RW Data    ZI Data      Debug   Library Name

       324         16          0          0          0        472   mc_w.l

    ----------------------------------------------------------------------
       326         16          0          0          0        472   Library Totals

    ----------------------------------------------------------------------

==============================================================================


      Code (inc. data)   RO Data    RW Data    ZI Data      Debug   

     15148        864        712        164       7500     905976   Grand Totals
     15148        864        712        164       7500     905976   ELF Image Totals
     15148        864        712        164          0          0   ROM Totals

==============================================================================

    Total RO  Size (Code + RO Data)                15860 (  15.49kB)
    Total RW  Size (RW Data + ZI Data)              7664 (   7.48kB)
    Total ROM Size (Code + RO Data + RW Data)      16024 (  15.65kB)

==============================================================================

